Component: ARM Compiler 5.06 update 7 (build 960) Tool: armlink [4d3601]

==============================================================================

Section Cross References

    main.o(.text) refers to tasks.o(.text) for vTaskDelay
    main.o(.text) refers to stm32f4xx_adc.o(.text) for ADC_SoftwareStartConv
    main.o(.text) refers to utils.o(.text) for vUSART2_Init
    main.o(.text) refers to main.o(.data) for data_adc
    queue.o(.text) refers to port.o(.text) for vPortEnterCritical
    queue.o(.text) refers to tasks.o(.text) for xTaskRemoveFromEventList
    queue.o(.text) refers to list.o(.text) for vListInitialise
    queue.o(.text) refers to heap_2.o(.text) for pvPortMalloc
    queue.o(.text) refers to memcpya.o(.text) for __aeabi_memcpy
    queue.o(.text) refers to queue.o(.bss) for xQueueRegistry
    tasks.o(.text) refers to list.o(.text) for vListInitialise
    tasks.o(.text) refers to port.o(.text) for vPortEnterCritical
    tasks.o(.text) refers to memseta.o(.text) for __aeabi_memset
    tasks.o(.text) refers to heap_2.o(.text) for pvPortMalloc
    tasks.o(.text) refers to tasks.o(.bss) for pxReadyTasksLists
    tasks.o(.text) refers to tasks.o(.data) for pxDelayedTaskList
    tasks.o(.text) refers to timers.o(.text) for xTimerCreateTimerTask
    timers.o(.text) refers to list.o(.text) for vListInsert
    timers.o(.text) refers to tasks.o(.text) for xTaskGetSchedulerState
    timers.o(.text) refers to queue.o(.text) for xQueueGenericSend
    timers.o(.text) refers to heap_2.o(.text) for vPortFree
    timers.o(.text) refers to port.o(.text) for vPortEnterCritical
    timers.o(.text) refers to timers.o(.data) for pxOverflowTimerList
    timers.o(.text) refers to timers.o(.bss) for xActiveTimerList1
    port.o(.emb_text) refers to tasks.o(.text) for vTaskSwitchContext
    port.o(.emb_text) refers to tasks.o(.data) for pxCurrentTCB
    port.o(.text) refers to port.o(.emb_text) for __asm___6_port_c_39a90d8d__prvEnableVFP
    port.o(.text) refers to tasks.o(.text) for xTaskIncrementTick
    port.o(.text) refers to port.o(.data) for uxCriticalNesting
    port.o(.text) refers to system_stm32f4xx.o(.data) for SystemCoreClock
    heap_2.o(.text) refers to tasks.o(.text) for vTaskSuspendAll
    heap_2.o(.text) refers to heap_2.o(.bss) for ucHeap
    heap_2.o(.text) refers to heap_2.o(.data) for xStart
    stm32f4xx_adc.o(.text) refers to stm32f4xx_rcc.o(.text) for RCC_APB2PeriphResetCmd
    stm32f4xx_dac.o(.text) refers to stm32f4xx_rcc.o(.text) for RCC_APB1PeriphResetCmd
    stm32f4xx_gpio.o(.text) refers to stm32f4xx_rcc.o(.text) for RCC_AHB1PeriphResetCmd
    stm32f4xx_i2c.o(.text) refers to stm32f4xx_rcc.o(.text) for RCC_APB1PeriphResetCmd
    stm32f4xx_pwr.o(.text) refers to stm32f4xx_rcc.o(.text) for RCC_APB1PeriphResetCmd
    stm32f4xx_rcc.o(.text) refers to stm32f4xx_rcc.o(.data) for APBAHBPrescTable
    stm32f4xx_spi.o(.text) refers to stm32f4xx_rcc.o(.text) for RCC_APB2PeriphResetCmd
    stm32f4xx_syscfg.o(.text) refers to stm32f4xx_rcc.o(.text) for RCC_APB2PeriphResetCmd
    stm32f4xx_tim.o(.text) refers to stm32f4xx_rcc.o(.text) for RCC_APB2PeriphResetCmd
    stm32f4xx_usart.o(.text) refers to stm32f4xx_rcc.o(.text) for RCC_APB2PeriphResetCmd
    stm32f4xx_wwdg.o(.text) refers to stm32f4xx_rcc.o(.text) for RCC_APB1PeriphResetCmd
    stm32f4_discovery_lis302dl.o(.text) refers to stm32f4xx_spi.o(.text) for SPI_I2S_GetFlagStatus
    stm32f4_discovery_lis302dl.o(.text) refers to stm32f4xx_gpio.o(.text) for GPIO_ResetBits
    stm32f4_discovery_lis302dl.o(.text) refers to stm32f4xx_rcc.o(.text) for RCC_APB2PeriphClockCmd
    stm32f4_discovery_lis302dl.o(.text) refers to stm32f4_discovery_lis302dl.o(.data) for LIS302DLTimeout
    utils.o(.text) refers to stm32f4xx_rcc.o(.text) for RCC_APB1PeriphClockCmd
    utils.o(.text) refers to stm32f4xx_gpio.o(.text) for GPIO_PinAFConfig
    utils.o(.text) refers to stm32f4xx_usart.o(.text) for USART_ClockStructInit
    utils.o(.text) refers to misc.o(.text) for NVIC_Init
    utils.o(.text) refers to stm32f4xx_adc.o(.text) for ADC_CommonInit
    utils.o(.text) refers to stm32f4xx_syscfg.o(.text) for SYSCFG_EXTILineConfig
    utils.o(.text) refers to stm32f4xx_exti.o(.text) for EXTI_Init
    stm32f4_discovery.o(.text) refers to stm32f4xx_rcc.o(.text) for RCC_AHB1PeriphClockCmd
    stm32f4_discovery.o(.text) refers to stm32f4xx_gpio.o(.text) for GPIO_Init
    stm32f4_discovery.o(.text) refers to stm32f4xx_syscfg.o(.text) for SYSCFG_EXTILineConfig
    stm32f4_discovery.o(.text) refers to stm32f4xx_exti.o(.text) for EXTI_Init
    stm32f4_discovery.o(.text) refers to misc.o(.text) for NVIC_Init
    stm32f4_discovery.o(.text) refers to stm32f4_discovery.o(.constdata) for GPIO_CLK
    stm32f4_discovery.o(.text) refers to stm32f4_discovery.o(.data) for GPIO_PORT
    delay.o(.text) refers to delay.o(.data) for _init
    lcd.o(.text) refers to delay.o(.text) for delay_ms
    startup_stm32f407xx.o(RESET) refers to startup_stm32f407xx.o(STACK) for __initial_sp
    startup_stm32f407xx.o(RESET) refers to startup_stm32f407xx.o(.text) for Reset_Handler
    startup_stm32f407xx.o(RESET) refers to port.o(.emb_text) for SVC_Handler
    startup_stm32f407xx.o(RESET) refers to port.o(.text) for SysTick_Handler
    startup_stm32f407xx.o(RESET) refers to main.o(.text) for EXTI9_5_IRQHandler
    startup_stm32f407xx.o(.text) refers to system_stm32f4xx.o(.text) for SystemInit
    startup_stm32f407xx.o(.text) refers to entry.o(.ARM.Collect$$$$00000000) for __main
    system_stm32f4xx.o(.text) refers to system_stm32f4xx.o(.data) for SystemCoreClock
    system_stm32f4xx.o(.text) refers to system_stm32f4xx.o(.constdata) for AHBPrescTable
    entry.o(.ARM.Collect$$$$00000000) refers (Special) to entry10a.o(.ARM.Collect$$$$0000000F) for __rt_final_cpp
    entry.o(.ARM.Collect$$$$00000000) refers (Special) to entry11a.o(.ARM.Collect$$$$00000011) for __rt_final_exit
    entry.o(.ARM.Collect$$$$00000000) refers (Special) to entry12b.o(.ARM.Collect$$$$0000000E) for __rt_lib_shutdown_fini
    entry.o(.ARM.Collect$$$$00000000) refers (Special) to entry7b.o(.ARM.Collect$$$$00000008) for _main_clock
    entry.o(.ARM.Collect$$$$00000000) refers (Special) to entry8b.o(.ARM.Collect$$$$0000000A) for _main_cpp_init
    entry.o(.ARM.Collect$$$$00000000) refers (Special) to entry9a.o(.ARM.Collect$$$$0000000B) for _main_init
    entry.o(.ARM.Collect$$$$00000000) refers (Special) to entry5.o(.ARM.Collect$$$$00000004) for _main_scatterload
    entry.o(.ARM.Collect$$$$00000000) refers (Special) to entry2.o(.ARM.Collect$$$$00000001) for _main_stk
    entry2.o(.ARM.Collect$$$$00000001) refers to entry2.o(.ARM.Collect$$$$00002712) for __lit__00000000
    entry2.o(.ARM.Collect$$$$00002712) refers to startup_stm32f407xx.o(STACK) for __initial_sp
    entry2.o(__vectab_stack_and_reset_area) refers to startup_stm32f407xx.o(STACK) for __initial_sp
    entry2.o(__vectab_stack_and_reset_area) refers to entry.o(.ARM.Collect$$$$00000000) for __main
    entry5.o(.ARM.Collect$$$$00000004) refers to init.o(.text) for __scatterload
    entry9a.o(.ARM.Collect$$$$0000000B) refers to main.o(.text) for main
    entry9b.o(.ARM.Collect$$$$0000000C) refers to main.o(.text) for main
    init.o(.text) refers to entry5.o(.ARM.Collect$$$$00000004) for __main_after_scatterload


==============================================================================

Removing Unused input sections from the image.

    Removing main.o(.rev16_text), (4 bytes).
    Removing main.o(.revsh_text), (4 bytes).
    Removing main.o(.rrx_text), (6 bytes).
    Removing croutine.o(.rev16_text), (4 bytes).
    Removing croutine.o(.revsh_text), (4 bytes).
    Removing croutine.o(.rrx_text), (6 bytes).
    Removing list.o(.rev16_text), (4 bytes).
    Removing list.o(.revsh_text), (4 bytes).
    Removing list.o(.rrx_text), (6 bytes).
    Removing queue.o(.rev16_text), (4 bytes).
    Removing queue.o(.revsh_text), (4 bytes).
    Removing queue.o(.rrx_text), (6 bytes).
    Removing tasks.o(.rev16_text), (4 bytes).
    Removing tasks.o(.revsh_text), (4 bytes).
    Removing tasks.o(.rrx_text), (6 bytes).
    Removing timers.o(.rev16_text), (4 bytes).
    Removing timers.o(.revsh_text), (4 bytes).
    Removing timers.o(.rrx_text), (6 bytes).
    Removing port.o(.rev16_text), (4 bytes).
    Removing port.o(.revsh_text), (4 bytes).
    Removing port.o(.rrx_text), (6 bytes).
    Removing heap_2.o(.rev16_text), (4 bytes).
    Removing heap_2.o(.revsh_text), (4 bytes).
    Removing heap_2.o(.rrx_text), (6 bytes).
    Removing misc.o(.rev16_text), (4 bytes).
    Removing misc.o(.revsh_text), (4 bytes).
    Removing misc.o(.rrx_text), (6 bytes).
    Removing stm32f4xx_adc.o(.rev16_text), (4 bytes).
    Removing stm32f4xx_adc.o(.revsh_text), (4 bytes).
    Removing stm32f4xx_adc.o(.rrx_text), (6 bytes).
    Removing stm32f4xx_dac.o(.rev16_text), (4 bytes).
    Removing stm32f4xx_dac.o(.revsh_text), (4 bytes).
    Removing stm32f4xx_dac.o(.rrx_text), (6 bytes).
    Removing stm32f4xx_dac.o(.text), (528 bytes).
    Removing stm32f4xx_dbgmcu.o(.rev16_text), (4 bytes).
    Removing stm32f4xx_dbgmcu.o(.revsh_text), (4 bytes).
    Removing stm32f4xx_dbgmcu.o(.rrx_text), (6 bytes).
    Removing stm32f4xx_dbgmcu.o(.text), (100 bytes).
    Removing stm32f4xx_gpio.o(.rev16_text), (4 bytes).
    Removing stm32f4xx_gpio.o(.revsh_text), (4 bytes).
    Removing stm32f4xx_gpio.o(.rrx_text), (6 bytes).
    Removing stm32f4xx_i2c.o(.rev16_text), (4 bytes).
    Removing stm32f4xx_i2c.o(.revsh_text), (4 bytes).
    Removing stm32f4xx_i2c.o(.rrx_text), (6 bytes).
    Removing stm32f4xx_i2c.o(.text), (1130 bytes).
    Removing stm32f4xx_pwr.o(.rev16_text), (4 bytes).
    Removing stm32f4xx_pwr.o(.revsh_text), (4 bytes).
    Removing stm32f4xx_pwr.o(.rrx_text), (6 bytes).
    Removing stm32f4xx_pwr.o(.text), (328 bytes).
    Removing stm32f4xx_rcc.o(.rev16_text), (4 bytes).
    Removing stm32f4xx_rcc.o(.revsh_text), (4 bytes).
    Removing stm32f4xx_rcc.o(.rrx_text), (6 bytes).
    Removing stm32f4xx_rtc.o(.rev16_text), (4 bytes).
    Removing stm32f4xx_rtc.o(.revsh_text), (4 bytes).
    Removing stm32f4xx_rtc.o(.rrx_text), (6 bytes).
    Removing stm32f4xx_rtc.o(.text), (3440 bytes).
    Removing stm32f4xx_spi.o(.rev16_text), (4 bytes).
    Removing stm32f4xx_spi.o(.revsh_text), (4 bytes).
    Removing stm32f4xx_spi.o(.rrx_text), (6 bytes).
    Removing stm32f4xx_spi.o(.text), (1164 bytes).
    Removing stm32f4xx_syscfg.o(.rev16_text), (4 bytes).
    Removing stm32f4xx_syscfg.o(.revsh_text), (4 bytes).
    Removing stm32f4xx_syscfg.o(.rrx_text), (6 bytes).
    Removing stm32f4xx_tim.o(.rev16_text), (4 bytes).
    Removing stm32f4xx_tim.o(.revsh_text), (4 bytes).
    Removing stm32f4xx_tim.o(.rrx_text), (6 bytes).
    Removing stm32f4xx_tim.o(.text), (3234 bytes).
    Removing stm32f4xx_usart.o(.rev16_text), (4 bytes).
    Removing stm32f4xx_usart.o(.revsh_text), (4 bytes).
    Removing stm32f4xx_usart.o(.rrx_text), (6 bytes).
    Removing stm32f4xx_wwdg.o(.rev16_text), (4 bytes).
    Removing stm32f4xx_wwdg.o(.revsh_text), (4 bytes).
    Removing stm32f4xx_wwdg.o(.rrx_text), (6 bytes).
    Removing stm32f4xx_wwdg.o(.text), (144 bytes).
    Removing stm32f4xx_iwdg.o(.rev16_text), (4 bytes).
    Removing stm32f4xx_iwdg.o(.revsh_text), (4 bytes).
    Removing stm32f4xx_iwdg.o(.rrx_text), (6 bytes).
    Removing stm32f4xx_iwdg.o(.text), (64 bytes).
    Removing stm32f4xx_exti.o(.rev16_text), (4 bytes).
    Removing stm32f4xx_exti.o(.revsh_text), (4 bytes).
    Removing stm32f4xx_exti.o(.rrx_text), (6 bytes).
    Removing stm32f4_discovery_lis302dl.o(.rev16_text), (4 bytes).
    Removing stm32f4_discovery_lis302dl.o(.revsh_text), (4 bytes).
    Removing stm32f4_discovery_lis302dl.o(.rrx_text), (6 bytes).
    Removing stm32f4_discovery_lis302dl.o(.text), (960 bytes).
    Removing stm32f4_discovery_lis302dl.o(.data), (4 bytes).
    Removing utils.o(.rev16_text), (4 bytes).
    Removing utils.o(.revsh_text), (4 bytes).
    Removing utils.o(.rrx_text), (6 bytes).
    Removing stm32f4_discovery.o(.rev16_text), (4 bytes).
    Removing stm32f4_discovery.o(.revsh_text), (4 bytes).
    Removing stm32f4_discovery.o(.rrx_text), (6 bytes).
    Removing stm32f4_discovery.o(.text), (324 bytes).
    Removing stm32f4_discovery.o(.constdata), (37 bytes).
    Removing stm32f4_discovery.o(.data), (24 bytes).
    Removing retarget.o(.rev16_text), (4 bytes).
    Removing retarget.o(.revsh_text), (4 bytes).
    Removing retarget.o(.rrx_text), (6 bytes).
    Removing retarget.o(.text), (68 bytes).
    Removing retarget.o(.data), (4 bytes).
    Removing delay.o(.rev16_text), (4 bytes).
    Removing delay.o(.revsh_text), (4 bytes).
    Removing delay.o(.rrx_text), (6 bytes).
    Removing delay.o(.text), (108 bytes).
    Removing delay.o(.data), (4 bytes).
    Removing lcd.o(.text), (544 bytes).
    Removing startup_stm32f407xx.o(HEAP), (512 bytes).
    Removing system_stm32f4xx.o(.rev16_text), (4 bytes).
    Removing system_stm32f4xx.o(.revsh_text), (4 bytes).
    Removing system_stm32f4xx.o(.rrx_text), (6 bytes).

110 unused section(s) (total 13141 bytes) removed from the image.

==============================================================================

Image Symbol Table

    Local Symbols

    Symbol Name                              Value     Ov Type        Size  Object(Section)

    ../clib/microlib/init/entry.s            0x00000000   Number         0  entry9a.o ABSOLUTE
    ../clib/microlib/init/entry.s            0x00000000   Number         0  entry9b.o ABSOLUTE
    ../clib/microlib/init/entry.s            0x00000000   Number         0  entry10a.o ABSOLUTE
    ../clib/microlib/init/entry.s            0x00000000   Number         0  entry12b.o ABSOLUTE
    ../clib/microlib/init/entry.s            0x00000000   Number         0  entry12a.o ABSOLUTE
    ../clib/microlib/init/entry.s            0x00000000   Number         0  entry11b.o ABSOLUTE
    ../clib/microlib/init/entry.s            0x00000000   Number         0  entry11a.o ABSOLUTE
    ../clib/microlib/init/entry.s            0x00000000   Number         0  entry5.o ABSOLUTE
    ../clib/microlib/init/entry.s            0x00000000   Number         0  entry.o ABSOLUTE
    ../clib/microlib/init/entry.s            0x00000000   Number         0  entry2.o ABSOLUTE
    ../clib/microlib/init/entry.s            0x00000000   Number         0  entry7a.o ABSOLUTE
    ../clib/microlib/init/entry.s            0x00000000   Number         0  entry7b.o ABSOLUTE
    ../clib/microlib/init/entry.s            0x00000000   Number         0  entry8a.o ABSOLUTE
    ../clib/microlib/init/entry.s            0x00000000   Number         0  entry10b.o ABSOLUTE
    ../clib/microlib/init/entry.s            0x00000000   Number         0  entry8b.o ABSOLUTE
    ../clib/microlib/string/memcpy.c         0x00000000   Number         0  memcpya.o ABSOLUTE
    ../clib/microlib/string/memcpy.c         0x00000000   Number         0  memcpyb.o ABSOLUTE
    ../clib/microlib/string/memset.c         0x00000000   Number         0  memseta.o ABSOLUTE
    ../clib/microlib/stubs.s                 0x00000000   Number         0  useno.o ABSOLUTE
    Libraries\STM32F4xx_StdPeriph_Driver\src\misc.c 0x00000000   Number         0  misc.o ABSOLUTE
    Libraries\STM32F4xx_StdPeriph_Driver\src\stm32f4_discovery.c 0x00000000   Number         0  stm32f4_discovery.o ABSOLUTE
    Libraries\STM32F4xx_StdPeriph_Driver\src\stm32f4xx_adc.c 0x00000000   Number         0  stm32f4xx_adc.o ABSOLUTE
    Libraries\STM32F4xx_StdPeriph_Driver\src\stm32f4xx_dac.c 0x00000000   Number         0  stm32f4xx_dac.o ABSOLUTE
    Libraries\STM32F4xx_StdPeriph_Driver\src\stm32f4xx_dbgmcu.c 0x00000000   Number         0  stm32f4xx_dbgmcu.o ABSOLUTE
    Libraries\STM32F4xx_StdPeriph_Driver\src\stm32f4xx_exti.c 0x00000000   Number         0  stm32f4xx_exti.o ABSOLUTE
    Libraries\STM32F4xx_StdPeriph_Driver\src\stm32f4xx_gpio.c 0x00000000   Number         0  stm32f4xx_gpio.o ABSOLUTE
    Libraries\STM32F4xx_StdPeriph_Driver\src\stm32f4xx_i2c.c 0x00000000   Number         0  stm32f4xx_i2c.o ABSOLUTE
    Libraries\STM32F4xx_StdPeriph_Driver\src\stm32f4xx_iwdg.c 0x00000000   Number         0  stm32f4xx_iwdg.o ABSOLUTE
    Libraries\STM32F4xx_StdPeriph_Driver\src\stm32f4xx_pwr.c 0x00000000   Number         0  stm32f4xx_pwr.o ABSOLUTE
    Libraries\STM32F4xx_StdPeriph_Driver\src\stm32f4xx_rcc.c 0x00000000   Number         0  stm32f4xx_rcc.o ABSOLUTE
    Libraries\STM32F4xx_StdPeriph_Driver\src\stm32f4xx_rtc.c 0x00000000   Number         0  stm32f4xx_rtc.o ABSOLUTE
    Libraries\STM32F4xx_StdPeriph_Driver\src\stm32f4xx_spi.c 0x00000000   Number         0  stm32f4xx_spi.o ABSOLUTE
    Libraries\STM32F4xx_StdPeriph_Driver\src\stm32f4xx_syscfg.c 0x00000000   Number         0  stm32f4xx_syscfg.o ABSOLUTE
    Libraries\STM32F4xx_StdPeriph_Driver\src\stm32f4xx_tim.c 0x00000000   Number         0  stm32f4xx_tim.o ABSOLUTE
    Libraries\STM32F4xx_StdPeriph_Driver\src\stm32f4xx_usart.c 0x00000000   Number         0  stm32f4xx_usart.o ABSOLUTE
    Libraries\STM32F4xx_StdPeriph_Driver\src\stm32f4xx_wwdg.c 0x00000000   Number         0  stm32f4xx_wwdg.o ABSOLUTE
    Libraries\\STM32F4xx_StdPeriph_Driver\\src\\misc.c 0x00000000   Number         0  misc.o ABSOLUTE
    Libraries\\STM32F4xx_StdPeriph_Driver\\src\\stm32f4_discovery.c 0x00000000   Number         0  stm32f4_discovery.o ABSOLUTE
    Libraries\\STM32F4xx_StdPeriph_Driver\\src\\stm32f4xx_adc.c 0x00000000   Number         0  stm32f4xx_adc.o ABSOLUTE
    Libraries\\STM32F4xx_StdPeriph_Driver\\src\\stm32f4xx_dac.c 0x00000000   Number         0  stm32f4xx_dac.o ABSOLUTE
    Libraries\\STM32F4xx_StdPeriph_Driver\\src\\stm32f4xx_dbgmcu.c 0x00000000   Number         0  stm32f4xx_dbgmcu.o ABSOLUTE
    Libraries\\STM32F4xx_StdPeriph_Driver\\src\\stm32f4xx_exti.c 0x00000000   Number         0  stm32f4xx_exti.o ABSOLUTE
    Libraries\\STM32F4xx_StdPeriph_Driver\\src\\stm32f4xx_gpio.c 0x00000000   Number         0  stm32f4xx_gpio.o ABSOLUTE
    Libraries\\STM32F4xx_StdPeriph_Driver\\src\\stm32f4xx_i2c.c 0x00000000   Number         0  stm32f4xx_i2c.o ABSOLUTE
    Libraries\\STM32F4xx_StdPeriph_Driver\\src\\stm32f4xx_iwdg.c 0x00000000   Number         0  stm32f4xx_iwdg.o ABSOLUTE
    Libraries\\STM32F4xx_StdPeriph_Driver\\src\\stm32f4xx_pwr.c 0x00000000   Number         0  stm32f4xx_pwr.o ABSOLUTE
    Libraries\\STM32F4xx_StdPeriph_Driver\\src\\stm32f4xx_rcc.c 0x00000000   Number         0  stm32f4xx_rcc.o ABSOLUTE
    Libraries\\STM32F4xx_StdPeriph_Driver\\src\\stm32f4xx_rtc.c 0x00000000   Number         0  stm32f4xx_rtc.o ABSOLUTE
    Libraries\\STM32F4xx_StdPeriph_Driver\\src\\stm32f4xx_spi.c 0x00000000   Number         0  stm32f4xx_spi.o ABSOLUTE
    Libraries\\STM32F4xx_StdPeriph_Driver\\src\\stm32f4xx_syscfg.c 0x00000000   Number         0  stm32f4xx_syscfg.o ABSOLUTE
    Libraries\\STM32F4xx_StdPeriph_Driver\\src\\stm32f4xx_tim.c 0x00000000   Number         0  stm32f4xx_tim.o ABSOLUTE
    Libraries\\STM32F4xx_StdPeriph_Driver\\src\\stm32f4xx_usart.c 0x00000000   Number         0  stm32f4xx_usart.o ABSOLUTE
    Libraries\\STM32F4xx_StdPeriph_Driver\\src\\stm32f4xx_wwdg.c 0x00000000   Number         0  stm32f4xx_wwdg.o ABSOLUTE
    RTE\Device\STM32F407VG\startup_stm32f407xx.s 0x00000000   Number         0  startup_stm32f407xx.o ABSOLUTE
    RTE\Device\STM32F407VG\system_stm32f4xx.c 0x00000000   Number         0  system_stm32f4xx.o ABSOLUTE
    RTE\\Device\\STM32F407VG\\system_stm32f4xx.c 0x00000000   Number         0  system_stm32f4xx.o ABSOLUTE
    dc.s                                     0x00000000   Number         0  dc.o ABSOLUTE
    handlers.s                               0x00000000   Number         0  handlers.o ABSOLUTE
    init.s                                   0x00000000   Number         0  init.o ABSOLUTE
    src\FreeRTOS\croutine.c                  0x00000000   Number         0  croutine.o ABSOLUTE
    src\FreeRTOS\list.c                      0x00000000   Number         0  list.o ABSOLUTE
    src\FreeRTOS\portable\MemMang\heap_2.c   0x00000000   Number         0  heap_2.o ABSOLUTE
    src\FreeRTOS\portable\RVDS\ARM_CM4F\port.c 0x00000000   Number         0  port.o ABSOLUTE
    src\FreeRTOS\queue.c                     0x00000000   Number         0  queue.o ABSOLUTE
    src\FreeRTOS\tasks.c                     0x00000000   Number         0  tasks.o ABSOLUTE
    src\FreeRTOS\timers.c                    0x00000000   Number         0  timers.o ABSOLUTE
    src\\FreeRTOS\\croutine.c                0x00000000   Number         0  croutine.o ABSOLUTE
    src\\FreeRTOS\\list.c                    0x00000000   Number         0  list.o ABSOLUTE
    src\\FreeRTOS\\portable\\MemMang\\heap_2.c 0x00000000   Number         0  heap_2.o ABSOLUTE
    src\\FreeRTOS\\portable\\RVDS\\ARM_CM4F\\port.c 0x00000000   Number         0  port.o ABSOLUTE
    src\\FreeRTOS\\queue.c                   0x00000000   Number         0  queue.o ABSOLUTE
    src\\FreeRTOS\\tasks.c                   0x00000000   Number         0  tasks.o ABSOLUTE
    src\\FreeRTOS\\timers.c                  0x00000000   Number         0  timers.o ABSOLUTE
    src\\delay.c                             0x00000000   Number         0  delay.o ABSOLUTE
    src\\main.c                              0x00000000   Number         0  main.o ABSOLUTE
    src\\retarget.c                          0x00000000   Number         0  retarget.o ABSOLUTE
    src\\stm32f4_discovery_lis302dl.c        0x00000000   Number         0  stm32f4_discovery_lis302dl.o ABSOLUTE
    src\\utils.c                             0x00000000   Number         0  utils.o ABSOLUTE
    src\delay.c                              0x00000000   Number         0  delay.o ABSOLUTE
    src\lcd.c                                0x00000000   Number         0  lcd.o ABSOLUTE
    src\main.c                               0x00000000   Number         0  main.o ABSOLUTE
    src\retarget.c                           0x00000000   Number         0  retarget.o ABSOLUTE
    src\stm32f4_discovery_lis302dl.c         0x00000000   Number         0  stm32f4_discovery_lis302dl.o ABSOLUTE
    src\utils.c                              0x00000000   Number         0  utils.o ABSOLUTE
    RESET                                    0x08000000   Section      392  startup_stm32f407xx.o(RESET)
    .ARM.Collect$$$$00000000                 0x08000188   Section        0  entry.o(.ARM.Collect$$$$00000000)
    .ARM.Collect$$$$00000001                 0x08000188   Section        4  entry2.o(.ARM.Collect$$$$00000001)
    .ARM.Collect$$$$00000004                 0x0800018c   Section        4  entry5.o(.ARM.Collect$$$$00000004)
    .ARM.Collect$$$$00000008                 0x08000190   Section        0  entry7b.o(.ARM.Collect$$$$00000008)
    .ARM.Collect$$$$0000000A                 0x08000190   Section        0  entry8b.o(.ARM.Collect$$$$0000000A)
    .ARM.Collect$$$$0000000B                 0x08000190   Section        8  entry9a.o(.ARM.Collect$$$$0000000B)
    .ARM.Collect$$$$0000000E                 0x08000198   Section        4  entry12b.o(.ARM.Collect$$$$0000000E)
    .ARM.Collect$$$$0000000F                 0x0800019c   Section        0  entry10a.o(.ARM.Collect$$$$0000000F)
    .ARM.Collect$$$$00000011                 0x0800019c   Section        0  entry11a.o(.ARM.Collect$$$$00000011)
    .ARM.Collect$$$$00002712                 0x0800019c   Section        4  entry2.o(.ARM.Collect$$$$00002712)
    __lit__00000000                          0x0800019c   Data           4  entry2.o(.ARM.Collect$$$$00002712)
    .emb_text                                0x080001a0   Section      182  port.o(.emb_text)
    $v0                                      0x080001a0   Number         0  port.o(.emb_text)
    .text                                    0x08000258   Section        0  main.o(.text)
    .text                                    0x08000308   Section        0  list.o(.text)
    .text                                    0x0800039c   Section        0  queue.o(.text)
    prvInitialiseNewQueue                    0x0800042f   Thumb Code    42  queue.o(.text)
    prvUnlockQueue                           0x080004b1   Thumb Code   126  queue.o(.text)
    prvIsQueueFull                           0x0800052f   Thumb Code    30  queue.o(.text)
    prvCopyDataToQueue                       0x0800054d   Thumb Code   124  queue.o(.text)
    prvInitialiseMutex                       0x0800076d   Thumb Code    28  queue.o(.text)
    prvIsQueueEmpty                          0x080007f7   Thumb Code    26  queue.o(.text)
    prvCopyDataFromQueue                     0x08000811   Thumb Code    42  queue.o(.text)
    .text                                    0x08000fcc   Section        0  tasks.o(.text)
    prvInitialiseTaskLists                   0x08000fcd   Thumb Code    70  tasks.o(.text)
    prvAddNewTaskToReadyList                 0x08001013   Thumb Code   156  tasks.o(.text)
    prvInitialiseNewTask                     0x080010af   Thumb Code   180  tasks.o(.text)
    prvResetNextTaskUnblockTime              0x080011c3   Thumb Code    42  tasks.o(.text)
    prvDeleteTCB                             0x080011ed   Thumb Code    18  tasks.o(.text)
    prvAddCurrentTaskToDelayedList           0x0800150f   Thumb Code   124  tasks.o(.text)
    prvTaskIsTaskSuspended                   0x080019f9   Thumb Code    80  tasks.o(.text)
    prvCheckTasksWaitingTermination          0x08001b67   Thumb Code    86  tasks.o(.text)
    prvIdleTask                              0x08001bbd   Thumb Code    32  tasks.o(.text)
    prvTaskCheckFreeStackSpace               0x08001d05   Thumb Code    22  tasks.o(.text)
    prvListTasksWithinSingleList             0x08001d8d   Thumb Code   106  tasks.o(.text)
    .text                                    0x08002790   Section        0  timers.o(.text)
    prvInsertTimerInActiveList               0x08002791   Thumb Code    80  timers.o(.text)
    prvSwitchTimerLists                      0x0800285f   Thumb Code   150  timers.o(.text)
    prvSampleTimeNow                         0x080028f5   Thumb Code    40  timers.o(.text)
    prvProcessReceivedCommands               0x0800291d   Thumb Code   242  timers.o(.text)
    prvProcessExpiredTimer                   0x08002a0f   Thumb Code    94  timers.o(.text)
    prvProcessTimerOrBlockTask               0x08002a6d   Thumb Code   102  timers.o(.text)
    prvGetNextExpireTime                     0x08002ad3   Thumb Code    36  timers.o(.text)
    prvTimerTask                             0x08002af7   Thumb Code    26  timers.o(.text)
    prvCheckForValidListAndQueue             0x08002b11   Thumb Code    72  timers.o(.text)
    prvInitialiseNewTimer                    0x08002bd1   Thumb Code    78  timers.o(.text)
    .text                                    0x08002d70   Section        0  port.o(.text)
    prvTaskExitError                         0x08002d71   Thumb Code    60  port.o(.text)
    .text                                    0x0800307c   Section        0  heap_2.o(.text)
    prvHeapInit                              0x0800307d   Thumb Code    38  heap_2.o(.text)
    .text                                    0x080031a0   Section        0  misc.o(.text)
    .text                                    0x08003280   Section        0  stm32f4xx_adc.o(.text)
    .text                                    0x080036e4   Section        0  stm32f4xx_gpio.o(.text)
    .text                                    0x0800397c   Section        0  stm32f4xx_rcc.o(.text)
    .text                                    0x08003fd8   Section        0  stm32f4xx_syscfg.o(.text)
    .text                                    0x0800406c   Section        0  stm32f4xx_usart.o(.text)
    .text                                    0x080044c0   Section        0  stm32f4xx_exti.o(.text)
    .text                                    0x080045d0   Section        0  utils.o(.text)
    .text                                    0x0800480c   Section       36  startup_stm32f407xx.o(.text)
    $v0                                      0x0800480c   Number         0  startup_stm32f407xx.o(.text)
    .text                                    0x08004830   Section        0  system_stm32f4xx.o(.text)
    SetSysClock                              0x080048db   Thumb Code   224  system_stm32f4xx.o(.text)
    .text                                    0x08004a44   Section        0  memcpya.o(.text)
    .text                                    0x08004a68   Section        0  memseta.o(.text)
    .text                                    0x08004a8c   Section       36  init.o(.text)
    i.__scatterload_copy                     0x08004ab0   Section       14  handlers.o(i.__scatterload_copy)
    i.__scatterload_null                     0x08004abe   Section        2  handlers.o(i.__scatterload_null)
    i.__scatterload_zeroinit                 0x08004ac0   Section       14  handlers.o(i.__scatterload_zeroinit)
    .constdata                               0x08004ace   Section       16  system_stm32f4xx.o(.constdata)
    .data                                    0x20000000   Section       22  main.o(.data)
    button_queue                             0x2000000c   Data           4  main.o(.data)
    lcd_mutex                                0x20000010   Data           4  main.o(.data)
    .data                                    0x20000018   Section       60  tasks.o(.data)
    pxDelayedTaskList                        0x2000001c   Data           4  tasks.o(.data)
    pxOverflowDelayedTaskList                0x20000020   Data           4  tasks.o(.data)
    uxDeletedTasksWaitingCleanUp             0x20000024   Data           4  tasks.o(.data)
    uxCurrentNumberOfTasks                   0x20000028   Data           4  tasks.o(.data)
    xTickCount                               0x2000002c   Data           4  tasks.o(.data)
    uxTopReadyPriority                       0x20000030   Data           4  tasks.o(.data)
    xSchedulerRunning                        0x20000034   Data           4  tasks.o(.data)
    uxPendedTicks                            0x20000038   Data           4  tasks.o(.data)
    xYieldPending                            0x2000003c   Data           4  tasks.o(.data)
    xNumOfOverflows                          0x20000040   Data           4  tasks.o(.data)
    uxTaskNumber                             0x20000044   Data           4  tasks.o(.data)
    xNextTaskUnblockTime                     0x20000048   Data           4  tasks.o(.data)
    xIdleTaskHandle                          0x2000004c   Data           4  tasks.o(.data)
    uxSchedulerSuspended                     0x20000050   Data           4  tasks.o(.data)
    .data                                    0x20000054   Section       20  timers.o(.data)
    pxCurrentTimerList                       0x20000054   Data           4  timers.o(.data)
    pxOverflowTimerList                      0x20000058   Data           4  timers.o(.data)
    xTimerQueue                              0x2000005c   Data           4  timers.o(.data)
    xTimerTaskHandle                         0x20000060   Data           4  timers.o(.data)
    xLastTime                                0x20000064   Data           4  timers.o(.data)
    .data                                    0x20000068   Section       12  port.o(.data)
    uxCriticalNesting                        0x20000068   Data           4  port.o(.data)
    ucMaxSysCallPriority                     0x2000006c   Data           1  port.o(.data)
    ulMaxPRIGROUPValue                       0x20000070   Data           4  port.o(.data)
    .data                                    0x20000074   Section       24  heap_2.o(.data)
    xStart                                   0x20000074   Data           8  heap_2.o(.data)
    xEnd                                     0x2000007c   Data           8  heap_2.o(.data)
    xFreeBytesRemaining                      0x20000084   Data           4  heap_2.o(.data)
    xHeapHasBeenInitialised                  0x20000088   Data           4  heap_2.o(.data)
    .data                                    0x2000008c   Section       16  stm32f4xx_rcc.o(.data)
    APBAHBPrescTable                         0x2000008c   Data          16  stm32f4xx_rcc.o(.data)
    .data                                    0x2000009c   Section        4  system_stm32f4xx.o(.data)
    .bss                                     0x200000a0   Section       64  queue.o(.bss)
    .bss                                     0x200000e0   Section      200  tasks.o(.bss)
    pxReadyTasksLists                        0x200000e0   Data         100  tasks.o(.bss)
    xDelayedTaskList1                        0x20000144   Data          20  tasks.o(.bss)
    xDelayedTaskList2                        0x20000158   Data          20  tasks.o(.bss)
    xPendingReadyList                        0x2000016c   Data          20  tasks.o(.bss)
    xTasksWaitingTermination                 0x20000180   Data          20  tasks.o(.bss)
    xSuspendedTaskList                       0x20000194   Data          20  tasks.o(.bss)
    .bss                                     0x200001a8   Section       40  timers.o(.bss)
    xActiveTimerList1                        0x200001a8   Data          20  timers.o(.bss)
    xActiveTimerList2                        0x200001bc   Data          20  timers.o(.bss)
    .bss                                     0x200001d0   Section    76800  heap_2.o(.bss)
    ucHeap                                   0x200001d0   Data       76800  heap_2.o(.bss)
    STACK                                    0x20012dd0   Section     1024  startup_stm32f407xx.o(STACK)

    Global Symbols

    Symbol Name                              Value     Ov Type        Size  Object(Section)

    BuildAttributes$$THM_ISAv4$E$P$D$K$B$S$7EM$VFPi3$EXTD16$VFPS$VFMA$PE$A:L22UL41UL21$X:L11$S22US41US21$IEEE1$IW$USESV6$~STKCKD$USESV7$~SHL$OSPACE$EBA8$MICROLIB$REQ8$PRES8$EABIv2 0x00000000   Number         0  anon$$obj.o ABSOLUTE
    __ARM_use_no_argv                        0x00000000   Number         0  main.o ABSOLUTE
    __use_no_errno                           0x00000000   Number         0  useno.o ABSOLUTE
    __use_no_exception_handling              0x00000000   Number         0  useno.o ABSOLUTE
    __use_no_fp                              0x00000000   Number         0  useno.o ABSOLUTE
    __use_no_heap                            0x00000000   Number         0  useno.o ABSOLUTE
    __use_no_heap_region                     0x00000000   Number         0  useno.o ABSOLUTE
    __use_no_semihosting                     0x00000000   Number         0  useno.o ABSOLUTE
    __use_no_semihosting_swi                 0x00000000   Number         0  useno.o ABSOLUTE
    __use_no_signal_handling                 0x00000000   Number         0  useno.o ABSOLUTE
    __arm_fini_                               - Undefined Weak Reference
    __cpp_initialize__aeabi_                  - Undefined Weak Reference
    __cxa_finalize                            - Undefined Weak Reference
    __decompress                              - Undefined Weak Reference
    _clock_init                               - Undefined Weak Reference
    _microlib_exit                            - Undefined Weak Reference
    __Vectors_Size                           0x00000188   Number         0  startup_stm32f407xx.o ABSOLUTE
    __Vectors                                0x08000000   Data           4  startup_stm32f407xx.o(RESET)
    __Vectors_End                            0x08000188   Data           0  startup_stm32f407xx.o(RESET)
    __main                                   0x08000189   Thumb Code     0  entry.o(.ARM.Collect$$$$00000000)
    _main_stk                                0x08000189   Thumb Code     0  entry2.o(.ARM.Collect$$$$00000001)
    _main_scatterload                        0x0800018d   Thumb Code     0  entry5.o(.ARM.Collect$$$$00000004)
    __main_after_scatterload                 0x08000191   Thumb Code     0  entry5.o(.ARM.Collect$$$$00000004)
    _main_clock                              0x08000191   Thumb Code     0  entry7b.o(.ARM.Collect$$$$00000008)
    _main_cpp_init                           0x08000191   Thumb Code     0  entry8b.o(.ARM.Collect$$$$0000000A)
    _main_init                               0x08000191   Thumb Code     0  entry9a.o(.ARM.Collect$$$$0000000B)
    __rt_lib_shutdown_fini                   0x08000199   Thumb Code     0  entry12b.o(.ARM.Collect$$$$0000000E)
    __rt_final_cpp                           0x0800019d   Thumb Code     0  entry10a.o(.ARM.Collect$$$$0000000F)
    __rt_final_exit                          0x0800019d   Thumb Code     0  entry11a.o(.ARM.Collect$$$$00000011)
    SVC_Handler                              0x080001a1   Thumb Code    28  port.o(.emb_text)
    __asm___6_port_c_39a90d8d__prvStartFirstTask 0x080001c1   Thumb Code    28  port.o(.emb_text)
    __asm___6_port_c_39a90d8d__prvEnableVFP  0x080001e1   Thumb Code    16  port.o(.emb_text)
    PendSV_Handler                           0x080001f5   Thumb Code    88  port.o(.emb_text)
    vPortGetIPSR                             0x08000251   Thumb Code     6  port.o(.emb_text)
    vPrintTask                               0x08000259   Thumb Code    12  main.o(.text)
    vTask2                                   0x08000265   Thumb Code    12  main.o(.text)
    vTask1                                   0x08000271   Thumb Code    20  main.o(.text)
    main                                     0x08000285   Thumb Code    84  main.o(.text)
    EXTI9_5_IRQHandler                       0x080002d9   Thumb Code     2  main.o(.text)
    vListInitialise                          0x08000309   Thumb Code    26  list.o(.text)
    vListInitialiseItem                      0x08000323   Thumb Code     6  list.o(.text)
    vListInsertEnd                           0x08000329   Thumb Code    24  list.o(.text)
    vListInsert                              0x08000341   Thumb Code    52  list.o(.text)
    uxListRemove                             0x08000375   Thumb Code    40  list.o(.text)
    xQueueGenericReset                       0x0800039d   Thumb Code   146  queue.o(.text)
    xQueueGenericCreate                      0x08000459   Thumb Code    88  queue.o(.text)
    xQueueGenericSend                        0x080005c9   Thumb Code   420  queue.o(.text)
    xQueueCreateMutex                        0x08000789   Thumb Code    34  queue.o(.text)
    xQueueGiveMutexRecursive                 0x080007ab   Thumb Code    76  queue.o(.text)
    xQueueGenericReceive                     0x0800083b   Thumb Code   446  queue.o(.text)
    xQueueTakeMutexRecursive                 0x080009f9   Thumb Code    82  queue.o(.text)
    xQueueCreateCountingSemaphore            0x08000a4b   Thumb Code    92  queue.o(.text)
    xQueueGenericSendFromISR                 0x08000aa7   Thumb Code   248  queue.o(.text)
    xQueueGiveFromISR                        0x08000b9f   Thumb Code   224  queue.o(.text)
    xQueueReceiveFromISR                     0x08000c7f   Thumb Code   210  queue.o(.text)
    xQueuePeekFromISR                        0x08000d51   Thumb Code   176  queue.o(.text)
    uxQueueMessagesWaiting                   0x08000e01   Thumb Code    42  queue.o(.text)
    uxQueueSpacesAvailable                   0x08000e2b   Thumb Code    48  queue.o(.text)
    uxQueueMessagesWaitingFromISR            0x08000e5b   Thumb Code    30  queue.o(.text)
    vQueueUnregisterQueue                    0x08000e79   Thumb Code    44  queue.o(.text)
    vQueueDelete                             0x08000ea5   Thumb Code    44  queue.o(.text)
    uxQueueGetQueueNumber                    0x08000ed1   Thumb Code     6  queue.o(.text)
    vQueueSetQueueNumber                     0x08000ed7   Thumb Code     4  queue.o(.text)
    ucQueueGetQueueType                      0x08000edb   Thumb Code     8  queue.o(.text)
    xQueueIsQueueEmptyFromISR                0x08000ee3   Thumb Code    38  queue.o(.text)
    xQueueIsQueueFullFromISR                 0x08000f09   Thumb Code    42  queue.o(.text)
    vQueueAddToRegistry                      0x08000f33   Thumb Code    38  queue.o(.text)
    pcQueueGetName                           0x08000f59   Thumb Code    38  queue.o(.text)
    vQueueWaitForMessageRestricted           0x08000f7f   Thumb Code    74  queue.o(.text)
    xTaskCreate                              0x08001163   Thumb Code    96  tasks.o(.text)
    vTaskDelete                              0x080011ff   Thumb Code   202  tasks.o(.text)
    xTaskIncrementTick                       0x080012c9   Thumb Code   358  tasks.o(.text)
    xTaskResumeAll                           0x0800142f   Thumb Code   224  tasks.o(.text)
    vTaskSuspendAll                          0x0800158b   Thumb Code    12  tasks.o(.text)
    vTaskDelayUntil                          0x08001597   Thumb Code   200  tasks.o(.text)
    vTaskDelay                               0x0800165f   Thumb Code    82  tasks.o(.text)
    eTaskGetState                            0x080016b1   Thumb Code   112  tasks.o(.text)
    uxTaskPriorityGet                        0x08001721   Thumb Code    30  tasks.o(.text)
    uxTaskPriorityGetFromISR                 0x0800173f   Thumb Code    62  tasks.o(.text)
    vTaskPrioritySet                         0x0800177d   Thumb Code   322  tasks.o(.text)
    vTaskSwitchContext                       0x080018bf   Thumb Code   118  tasks.o(.text)
    vTaskSuspend                             0x08001935   Thumb Code   196  tasks.o(.text)
    vTaskResume                              0x08001a49   Thumb Code   128  tasks.o(.text)
    xTaskResumeFromISR                       0x08001ac9   Thumb Code   158  tasks.o(.text)
    vTaskStartScheduler                      0x08001bdd   Thumb Code   192  tasks.o(.text)
    vTaskEndScheduler                        0x08001c9d   Thumb Code    32  tasks.o(.text)
    xTaskGetTickCount                        0x08001cbd   Thumb Code     6  tasks.o(.text)
    xTaskGetTickCountFromISR                 0x08001cc3   Thumb Code    16  tasks.o(.text)
    uxTaskGetNumberOfTasks                   0x08001cd3   Thumb Code     6  tasks.o(.text)
    pcTaskGetName                            0x08001cd9   Thumb Code    44  tasks.o(.text)
    vTaskGetInfo                             0x08001d1b   Thumb Code   114  tasks.o(.text)
    uxTaskGetSystemState                     0x08001df7   Thumb Code   152  tasks.o(.text)
    vTaskPlaceOnEventList                    0x08001e8f   Thumb Code    52  tasks.o(.text)
    vTaskPlaceOnUnorderedEventList           0x08001ec3   Thumb Code   100  tasks.o(.text)
    vTaskPlaceOnEventListRestricted          0x08001f27   Thumb Code    60  tasks.o(.text)
    xTaskRemoveFromEventList                 0x08001f63   Thumb Code   128  tasks.o(.text)
    xTaskRemoveFromUnorderedEventList        0x08001fe3   Thumb Code   154  tasks.o(.text)
    vTaskSetTimeOutState                     0x0800207d   Thumb Code    90  tasks.o(.text)
    xTaskCheckForTimeOut                     0x080020d7   Thumb Code   132  tasks.o(.text)
    vTaskMissedYield                         0x0800215b   Thumb Code     8  tasks.o(.text)
    uxTaskGetTaskNumber                      0x08002163   Thumb Code    14  tasks.o(.text)
    vTaskSetTaskNumber                       0x08002171   Thumb Code     8  tasks.o(.text)
    xTaskGetCurrentTaskHandle                0x08002179   Thumb Code     6  tasks.o(.text)
    xTaskGetSchedulerState                   0x0800217f   Thumb Code    24  tasks.o(.text)
    vTaskPriorityInherit                     0x08002197   Thumb Code   164  tasks.o(.text)
    xTaskPriorityDisinherit                  0x0800223b   Thumb Code   188  tasks.o(.text)
    uxTaskResetEventItemValue                0x080022f7   Thumb Code    24  tasks.o(.text)
    pvTaskIncrementMutexHeldCount            0x0800230f   Thumb Code    26  tasks.o(.text)
    ulTaskNotifyTake                         0x08002329   Thumb Code   108  tasks.o(.text)
    xTaskNotifyWait                          0x08002395   Thumb Code   150  tasks.o(.text)
    xTaskGenericNotify                       0x0800242b   Thumb Code   280  tasks.o(.text)
    xTaskGenericNotifyFromISR                0x08002543   Thumb Code   298  tasks.o(.text)
    vTaskNotifyGiveFromISR                   0x0800266d   Thumb Code   216  tasks.o(.text)
    xTaskNotifyStateClear                    0x08002745   Thumb Code    48  tasks.o(.text)
    xTimerGenericCommand                     0x080027e1   Thumb Code   126  timers.o(.text)
    xTimerCreateTimerTask                    0x08002b59   Thumb Code   120  timers.o(.text)
    xTimerCreate                             0x08002c1f   Thumb Code    48  timers.o(.text)
    xTimerGetTimerDaemonTaskHandle           0x08002c4f   Thumb Code    42  timers.o(.text)
    xTimerGetPeriod                          0x08002c79   Thumb Code    32  timers.o(.text)
    xTimerGetExpiryTime                      0x08002c99   Thumb Code    34  timers.o(.text)
    pcTimerGetName                           0x08002cbb   Thumb Code    32  timers.o(.text)
    xTimerIsTimerActive                      0x08002cdb   Thumb Code    56  timers.o(.text)
    pvTimerGetTimerID                        0x08002d13   Thumb Code    44  timers.o(.text)
    vTimerSetTimerID                         0x08002d3f   Thumb Code    44  timers.o(.text)
    pxPortInitialiseStack                    0x08002dad   Thumb Code    38  port.o(.text)
    vPortSetupTimerInterrupt                 0x08002dd3   Thumb Code    26  port.o(.text)
    xPortStartScheduler                      0x08002ded   Thumb Code   288  port.o(.text)
    vPortEndScheduler                        0x08002f0d   Thumb Code    42  port.o(.text)
    vPortEnterCritical                       0x08002f37   Thumb Code    78  port.o(.text)
    vPortExitCritical                        0x08002f85   Thumb Code    56  port.o(.text)
    SysTick_Handler                          0x08002fbd   Thumb Code    48  port.o(.text)
    vPortValidateInterruptPriority           0x08002fed   Thumb Code   108  port.o(.text)
    pvPortMalloc                             0x080030a3   Thumb Code   164  heap_2.o(.text)
    vPortFree                                0x08003147   Thumb Code    56  heap_2.o(.text)
    xPortGetFreeHeapSize                     0x0800317f   Thumb Code     6  heap_2.o(.text)
    vPortInitialiseBlocks                    0x08003185   Thumb Code     2  heap_2.o(.text)
    NVIC_PriorityGroupConfig                 0x080031a1   Thumb Code    10  misc.o(.text)
    NVIC_Init                                0x080031ab   Thumb Code   106  misc.o(.text)
    NVIC_SetVectorTable                      0x08003215   Thumb Code    14  misc.o(.text)
    NVIC_SystemLPConfig                      0x08003223   Thumb Code    34  misc.o(.text)
    SysTick_CLKSourceConfig                  0x08003245   Thumb Code    40  misc.o(.text)
    ADC_DeInit                               0x08003281   Thumb Code    22  stm32f4xx_adc.o(.text)
    ADC_Init                                 0x08003297   Thumb Code    74  stm32f4xx_adc.o(.text)
    ADC_StructInit                           0x080032e1   Thumb Code    20  stm32f4xx_adc.o(.text)
    ADC_CommonInit                           0x080032f5   Thumb Code    34  stm32f4xx_adc.o(.text)
    ADC_CommonStructInit                     0x08003317   Thumb Code    12  stm32f4xx_adc.o(.text)
    ADC_Cmd                                  0x08003323   Thumb Code    22  stm32f4xx_adc.o(.text)
    ADC_AnalogWatchdogCmd                    0x08003339   Thumb Code    16  stm32f4xx_adc.o(.text)
    ADC_AnalogWatchdogThresholdsConfig       0x08003349   Thumb Code     6  stm32f4xx_adc.o(.text)
    ADC_AnalogWatchdogSingleChannelConfig    0x0800334f   Thumb Code    16  stm32f4xx_adc.o(.text)
    ADC_TempSensorVrefintCmd                 0x0800335f   Thumb Code    34  stm32f4xx_adc.o(.text)
    ADC_VBATCmd                              0x08003381   Thumb Code    34  stm32f4xx_adc.o(.text)
    ADC_RegularChannelConfig                 0x080033a3   Thumb Code   184  stm32f4xx_adc.o(.text)
    ADC_SoftwareStartConv                    0x0800345b   Thumb Code    10  stm32f4xx_adc.o(.text)
    ADC_GetSoftwareStartConvStatus           0x08003465   Thumb Code    20  stm32f4xx_adc.o(.text)
    ADC_EOCOnEachRegularChannelCmd           0x08003479   Thumb Code    22  stm32f4xx_adc.o(.text)
    ADC_ContinuousModeCmd                    0x0800348f   Thumb Code    22  stm32f4xx_adc.o(.text)
    ADC_DiscModeChannelCountConfig           0x080034a5   Thumb Code    24  stm32f4xx_adc.o(.text)
    ADC_DiscModeCmd                          0x080034bd   Thumb Code    22  stm32f4xx_adc.o(.text)
    ADC_GetConversionValue                   0x080034d3   Thumb Code     8  stm32f4xx_adc.o(.text)
    ADC_GetMultiModeConversionValue          0x080034db   Thumb Code     8  stm32f4xx_adc.o(.text)
    ADC_DMACmd                               0x080034e3   Thumb Code    22  stm32f4xx_adc.o(.text)
    ADC_DMARequestAfterLastTransferCmd       0x080034f9   Thumb Code    22  stm32f4xx_adc.o(.text)
    ADC_MultiModeDMARequestAfterLastTransferCmd 0x0800350f   Thumb Code    34  stm32f4xx_adc.o(.text)
    ADC_InjectedChannelConfig                0x08003531   Thumb Code   130  stm32f4xx_adc.o(.text)
    ADC_InjectedSequencerLengthConfig        0x080035b3   Thumb Code    24  stm32f4xx_adc.o(.text)
    ADC_SetInjectedOffset                    0x080035cb   Thumb Code    20  stm32f4xx_adc.o(.text)
    ADC_ExternalTrigInjectedConvConfig       0x080035df   Thumb Code    16  stm32f4xx_adc.o(.text)
    ADC_ExternalTrigInjectedConvEdgeConfig   0x080035ef   Thumb Code    16  stm32f4xx_adc.o(.text)
    ADC_SoftwareStartInjectedConv            0x080035ff   Thumb Code    10  stm32f4xx_adc.o(.text)
    ADC_GetSoftwareStartInjectedConvCmdStatus 0x08003609   Thumb Code    20  stm32f4xx_adc.o(.text)
    ADC_AutoInjectedConvCmd                  0x0800361d   Thumb Code    22  stm32f4xx_adc.o(.text)
    ADC_InjectedDiscModeCmd                  0x08003633   Thumb Code    22  stm32f4xx_adc.o(.text)
    ADC_GetInjectedConversionValue           0x08003649   Thumb Code    28  stm32f4xx_adc.o(.text)
    ADC_ITConfig                             0x08003665   Thumb Code    56  stm32f4xx_adc.o(.text)
    ADC_GetFlagStatus                        0x0800369d   Thumb Code    18  stm32f4xx_adc.o(.text)
    ADC_ClearFlag                            0x080036af   Thumb Code     6  stm32f4xx_adc.o(.text)
    ADC_GetITStatus                          0x080036b5   Thumb Code    38  stm32f4xx_adc.o(.text)
    ADC_ClearITPendingBit                    0x080036db   Thumb Code    10  stm32f4xx_adc.o(.text)
    GPIO_DeInit                              0x080036e5   Thumb Code   268  stm32f4xx_gpio.o(.text)
    GPIO_Init                                0x080037f1   Thumb Code   144  stm32f4xx_gpio.o(.text)
    GPIO_StructInit                          0x08003881   Thumb Code    18  stm32f4xx_gpio.o(.text)
    GPIO_PinLockConfig                       0x08003893   Thumb Code    34  stm32f4xx_gpio.o(.text)
    GPIO_ReadInputDataBit                    0x080038b5   Thumb Code    18  stm32f4xx_gpio.o(.text)
    GPIO_ReadInputData                       0x080038c7   Thumb Code     8  stm32f4xx_gpio.o(.text)
    GPIO_ReadOutputDataBit                   0x080038cf   Thumb Code    18  stm32f4xx_gpio.o(.text)
    GPIO_ReadOutputData                      0x080038e1   Thumb Code     8  stm32f4xx_gpio.o(.text)
    GPIO_SetBits                             0x080038e9   Thumb Code     4  stm32f4xx_gpio.o(.text)
    GPIO_ResetBits                           0x080038ed   Thumb Code     6  stm32f4xx_gpio.o(.text)
    GPIO_WriteBit                            0x080038f3   Thumb Code    12  stm32f4xx_gpio.o(.text)
    GPIO_Write                               0x080038ff   Thumb Code     4  stm32f4xx_gpio.o(.text)
    GPIO_ToggleBits                          0x08003903   Thumb Code     8  stm32f4xx_gpio.o(.text)
    GPIO_PinAFConfig                         0x0800390b   Thumb Code    70  stm32f4xx_gpio.o(.text)
    RCC_DeInit                               0x0800397d   Thumb Code    82  stm32f4xx_rcc.o(.text)
    RCC_HSEConfig                            0x080039cf   Thumb Code    14  stm32f4xx_rcc.o(.text)
    RCC_GetFlagStatus                        0x080039dd   Thumb Code    60  stm32f4xx_rcc.o(.text)
    RCC_WaitForHSEStartUp                    0x08003a19   Thumb Code    56  stm32f4xx_rcc.o(.text)
    RCC_AdjustHSICalibrationValue            0x08003a51   Thumb Code    20  stm32f4xx_rcc.o(.text)
    RCC_HSICmd                               0x08003a65   Thumb Code     6  stm32f4xx_rcc.o(.text)
    RCC_LSEConfig                            0x08003a6b   Thumb Code    46  stm32f4xx_rcc.o(.text)
    RCC_LSICmd                               0x08003a99   Thumb Code     6  stm32f4xx_rcc.o(.text)
    RCC_PLLConfig                            0x08003a9f   Thumb Code    32  stm32f4xx_rcc.o(.text)
    RCC_PLLCmd                               0x08003abf   Thumb Code     6  stm32f4xx_rcc.o(.text)
    RCC_PLLI2SConfig                         0x08003ac5   Thumb Code    14  stm32f4xx_rcc.o(.text)
    RCC_PLLI2SCmd                            0x08003ad3   Thumb Code     6  stm32f4xx_rcc.o(.text)
    RCC_PLLSAIConfig                         0x08003ad9   Thumb Code    20  stm32f4xx_rcc.o(.text)
    RCC_PLLSAICmd                            0x08003aed   Thumb Code     6  stm32f4xx_rcc.o(.text)
    RCC_ClockSecuritySystemCmd               0x08003af3   Thumb Code     6  stm32f4xx_rcc.o(.text)
    RCC_MCO1Config                           0x08003af9   Thumb Code    28  stm32f4xx_rcc.o(.text)
    RCC_MCO2Config                           0x08003b15   Thumb Code    28  stm32f4xx_rcc.o(.text)
    RCC_SYSCLKConfig                         0x08003b31   Thumb Code    20  stm32f4xx_rcc.o(.text)
    RCC_GetSYSCLKSource                      0x08003b45   Thumb Code    12  stm32f4xx_rcc.o(.text)
    RCC_HCLKConfig                           0x08003b51   Thumb Code    20  stm32f4xx_rcc.o(.text)
    RCC_PCLK1Config                          0x08003b65   Thumb Code    20  stm32f4xx_rcc.o(.text)
    RCC_PCLK2Config                          0x08003b79   Thumb Code    22  stm32f4xx_rcc.o(.text)
    RCC_GetClocksFreq                        0x08003b8f   Thumb Code   222  stm32f4xx_rcc.o(.text)
    RCC_RTCCLKConfig                         0x08003c6d   Thumb Code    54  stm32f4xx_rcc.o(.text)
    RCC_RTCCLKCmd                            0x08003ca3   Thumb Code     8  stm32f4xx_rcc.o(.text)
    RCC_BackupResetCmd                       0x08003cab   Thumb Code     8  stm32f4xx_rcc.o(.text)
    RCC_I2SCLKConfig                         0x08003cb3   Thumb Code     6  stm32f4xx_rcc.o(.text)
    RCC_SAIBlockACLKConfig                   0x08003cb9   Thumb Code    20  stm32f4xx_rcc.o(.text)
    RCC_SAIBlockBCLKConfig                   0x08003ccd   Thumb Code    20  stm32f4xx_rcc.o(.text)
    RCC_SAIPLLI2SClkDivConfig                0x08003ce1   Thumb Code    26  stm32f4xx_rcc.o(.text)
    RCC_SAIPLLSAIClkDivConfig                0x08003cfb   Thumb Code    28  stm32f4xx_rcc.o(.text)
    RCC_LTDCCLKDivConfig                     0x08003d17   Thumb Code    20  stm32f4xx_rcc.o(.text)
    RCC_TIMCLKPresConfig                     0x08003d2b   Thumb Code     6  stm32f4xx_rcc.o(.text)
    RCC_AHB1PeriphClockCmd                   0x08003d31   Thumb Code    34  stm32f4xx_rcc.o(.text)
    RCC_AHB2PeriphClockCmd                   0x08003d53   Thumb Code    78  stm32f4xx_rcc.o(.text)
    RCC_AHB3PeriphClockCmd                   0x08003da1   Thumb Code    34  stm32f4xx_rcc.o(.text)
    RCC_APB1PeriphClockCmd                   0x08003dc3   Thumb Code    34  stm32f4xx_rcc.o(.text)
    RCC_APB2PeriphClockCmd                   0x08003de5   Thumb Code    34  stm32f4xx_rcc.o(.text)
    RCC_AHB1PeriphResetCmd                   0x08003e07   Thumb Code    34  stm32f4xx_rcc.o(.text)
    RCC_AHB2PeriphResetCmd                   0x08003e29   Thumb Code    34  stm32f4xx_rcc.o(.text)
    RCC_AHB3PeriphResetCmd                   0x08003e4b   Thumb Code    34  stm32f4xx_rcc.o(.text)
    RCC_APB1PeriphResetCmd                   0x08003e6d   Thumb Code    34  stm32f4xx_rcc.o(.text)
    RCC_APB2PeriphResetCmd                   0x08003e8f   Thumb Code    34  stm32f4xx_rcc.o(.text)
    RCC_AHB1PeriphClockLPModeCmd             0x08003eb1   Thumb Code    34  stm32f4xx_rcc.o(.text)
    RCC_AHB2PeriphClockLPModeCmd             0x08003ed3   Thumb Code    34  stm32f4xx_rcc.o(.text)
    RCC_AHB3PeriphClockLPModeCmd             0x08003ef5   Thumb Code    34  stm32f4xx_rcc.o(.text)
    RCC_APB1PeriphClockLPModeCmd             0x08003f17   Thumb Code    34  stm32f4xx_rcc.o(.text)
    RCC_APB2PeriphClockLPModeCmd             0x08003f39   Thumb Code    34  stm32f4xx_rcc.o(.text)
    RCC_LSEModeConfig                        0x08003f5b   Thumb Code    40  stm32f4xx_rcc.o(.text)
    RCC_ITConfig                             0x08003f83   Thumb Code    34  stm32f4xx_rcc.o(.text)
    RCC_ClearFlag                            0x08003fa5   Thumb Code    18  stm32f4xx_rcc.o(.text)
    RCC_GetITStatus                          0x08003fb7   Thumb Code    22  stm32f4xx_rcc.o(.text)
    RCC_ClearITPendingBit                    0x08003fcd   Thumb Code     8  stm32f4xx_rcc.o(.text)
    SYSCFG_DeInit                            0x08003fd9   Thumb Code    22  stm32f4xx_syscfg.o(.text)
    SYSCFG_MemoryRemapConfig                 0x08003fef   Thumb Code     6  stm32f4xx_syscfg.o(.text)
    SYSCFG_MemorySwappingBank                0x08003ff5   Thumb Code     6  stm32f4xx_syscfg.o(.text)
    SYSCFG_EXTILineConfig                    0x08003ffb   Thumb Code    66  stm32f4xx_syscfg.o(.text)
    SYSCFG_ETH_MediaInterfaceConfig          0x0800403d   Thumb Code     8  stm32f4xx_syscfg.o(.text)
    SYSCFG_CompensationCellCmd               0x08004045   Thumb Code     6  stm32f4xx_syscfg.o(.text)
    SYSCFG_GetCompensationCellStatus         0x0800404b   Thumb Code    22  stm32f4xx_syscfg.o(.text)
    USART_DeInit                             0x0800406d   Thumb Code   206  stm32f4xx_usart.o(.text)
    USART_Init                               0x0800413b   Thumb Code   204  stm32f4xx_usart.o(.text)
    USART_StructInit                         0x08004207   Thumb Code    24  stm32f4xx_usart.o(.text)
    USART_ClockInit                          0x0800421f   Thumb Code    32  stm32f4xx_usart.o(.text)
    USART_ClockStructInit                    0x0800423f   Thumb Code    12  stm32f4xx_usart.o(.text)
    USART_Cmd                                0x0800424b   Thumb Code    24  stm32f4xx_usart.o(.text)
    USART_SetPrescaler                       0x08004263   Thumb Code    16  stm32f4xx_usart.o(.text)
    USART_OverSampling8Cmd                   0x08004273   Thumb Code    22  stm32f4xx_usart.o(.text)
    USART_OneBitMethodCmd                    0x08004289   Thumb Code    24  stm32f4xx_usart.o(.text)
    USART_SendData                           0x080042a1   Thumb Code     8  stm32f4xx_usart.o(.text)
    USART_ReceiveData                        0x080042a9   Thumb Code    10  stm32f4xx_usart.o(.text)
    USART_SetAddress                         0x080042b3   Thumb Code    18  stm32f4xx_usart.o(.text)
    USART_ReceiverWakeUpCmd                  0x080042c5   Thumb Code    24  stm32f4xx_usart.o(.text)
    USART_WakeUpConfig                       0x080042dd   Thumb Code    18  stm32f4xx_usart.o(.text)
    USART_LINBreakDetectLengthConfig         0x080042ef   Thumb Code    18  stm32f4xx_usart.o(.text)
    USART_LINCmd                             0x08004301   Thumb Code    24  stm32f4xx_usart.o(.text)
    USART_SendBreak                          0x08004319   Thumb Code    10  stm32f4xx_usart.o(.text)
    USART_HalfDuplexCmd                      0x08004323   Thumb Code    24  stm32f4xx_usart.o(.text)
    USART_SetGuardTime                       0x0800433b   Thumb Code    16  stm32f4xx_usart.o(.text)
    USART_SmartCardCmd                       0x0800434b   Thumb Code    24  stm32f4xx_usart.o(.text)
    USART_SmartCardNACKCmd                   0x08004363   Thumb Code    24  stm32f4xx_usart.o(.text)
    USART_IrDAConfig                         0x0800437b   Thumb Code    18  stm32f4xx_usart.o(.text)
    USART_IrDACmd                            0x0800438d   Thumb Code    24  stm32f4xx_usart.o(.text)
    USART_DMACmd                             0x080043a5   Thumb Code    18  stm32f4xx_usart.o(.text)
    USART_ITConfig                           0x080043b7   Thumb Code    74  stm32f4xx_usart.o(.text)
    USART_GetFlagStatus                      0x08004401   Thumb Code    26  stm32f4xx_usart.o(.text)
    USART_ClearFlag                          0x0800441b   Thumb Code    18  stm32f4xx_usart.o(.text)
    USART_GetITStatus                        0x0800442d   Thumb Code   118  stm32f4xx_usart.o(.text)
    USART_ClearITPendingBit                  0x080044a3   Thumb Code    30  stm32f4xx_usart.o(.text)
    EXTI_DeInit                              0x080044c1   Thumb Code    28  stm32f4xx_exti.o(.text)
    EXTI_Init                                0x080044dd   Thumb Code   142  stm32f4xx_exti.o(.text)
    EXTI_StructInit                          0x0800456b   Thumb Code    16  stm32f4xx_exti.o(.text)
    EXTI_GenerateSWInterrupt                 0x0800457b   Thumb Code    16  stm32f4xx_exti.o(.text)
    EXTI_GetFlagStatus                       0x0800458b   Thumb Code    22  stm32f4xx_exti.o(.text)
    EXTI_ClearFlag                           0x080045a1   Thumb Code     8  stm32f4xx_exti.o(.text)
    EXTI_GetITStatus                         0x080045a9   Thumb Code    22  stm32f4xx_exti.o(.text)
    EXTI_ClearITPendingBit                   0x080045bf   Thumb Code     8  stm32f4xx_exti.o(.text)
    vUSART2_Init                             0x080045d1   Thumb Code   132  utils.o(.text)
    vUSART2_RX_IRQ_Init                      0x08004655   Thumb Code    78  utils.o(.text)
    vADC1_Init                               0x080046a3   Thumb Code   120  utils.o(.text)
    vADC2_Init                               0x0800471b   Thumb Code    12  utils.o(.text)
    vButton_Init                             0x08004727   Thumb Code   200  utils.o(.text)
    Reset_Handler                            0x0800480d   Thumb Code     8  startup_stm32f407xx.o(.text)
    NMI_Handler                              0x08004815   Thumb Code     2  startup_stm32f407xx.o(.text)
    HardFault_Handler                        0x08004817   Thumb Code     2  startup_stm32f407xx.o(.text)
    MemManage_Handler                        0x08004819   Thumb Code     2  startup_stm32f407xx.o(.text)
    BusFault_Handler                         0x0800481b   Thumb Code     2  startup_stm32f407xx.o(.text)
    UsageFault_Handler                       0x0800481d   Thumb Code     2  startup_stm32f407xx.o(.text)
    DebugMon_Handler                         0x08004821   Thumb Code     2  startup_stm32f407xx.o(.text)
    ADC_IRQHandler                           0x08004827   Thumb Code     0  startup_stm32f407xx.o(.text)
    CAN1_RX0_IRQHandler                      0x08004827   Thumb Code     0  startup_stm32f407xx.o(.text)
    CAN1_RX1_IRQHandler                      0x08004827   Thumb Code     0  startup_stm32f407xx.o(.text)
    CAN1_SCE_IRQHandler                      0x08004827   Thumb Code     0  startup_stm32f407xx.o(.text)
    CAN1_TX_IRQHandler                       0x08004827   Thumb Code     0  startup_stm32f407xx.o(.text)
    CAN2_RX0_IRQHandler                      0x08004827   Thumb Code     0  startup_stm32f407xx.o(.text)
    CAN2_RX1_IRQHandler                      0x08004827   Thumb Code     0  startup_stm32f407xx.o(.text)
    CAN2_SCE_IRQHandler                      0x08004827   Thumb Code     0  startup_stm32f407xx.o(.text)
    CAN2_TX_IRQHandler                       0x08004827   Thumb Code     0  startup_stm32f407xx.o(.text)
    DCMI_IRQHandler                          0x08004827   Thumb Code     0  startup_stm32f407xx.o(.text)
    DMA1_Stream0_IRQHandler                  0x08004827   Thumb Code     0  startup_stm32f407xx.o(.text)
    DMA1_Stream1_IRQHandler                  0x08004827   Thumb Code     0  startup_stm32f407xx.o(.text)
    DMA1_Stream2_IRQHandler                  0x08004827   Thumb Code     0  startup_stm32f407xx.o(.text)
    DMA1_Stream3_IRQHandler                  0x08004827   Thumb Code     0  startup_stm32f407xx.o(.text)
    DMA1_Stream4_IRQHandler                  0x08004827   Thumb Code     0  startup_stm32f407xx.o(.text)
    DMA1_Stream5_IRQHandler                  0x08004827   Thumb Code     0  startup_stm32f407xx.o(.text)
    DMA1_Stream6_IRQHandler                  0x08004827   Thumb Code     0  startup_stm32f407xx.o(.text)
    DMA1_Stream7_IRQHandler                  0x08004827   Thumb Code     0  startup_stm32f407xx.o(.text)
    DMA2_Stream0_IRQHandler                  0x08004827   Thumb Code     0  startup_stm32f407xx.o(.text)
    DMA2_Stream1_IRQHandler                  0x08004827   Thumb Code     0  startup_stm32f407xx.o(.text)
    DMA2_Stream2_IRQHandler                  0x08004827   Thumb Code     0  startup_stm32f407xx.o(.text)
    DMA2_Stream3_IRQHandler                  0x08004827   Thumb Code     0  startup_stm32f407xx.o(.text)
    DMA2_Stream4_IRQHandler                  0x08004827   Thumb Code     0  startup_stm32f407xx.o(.text)
    DMA2_Stream5_IRQHandler                  0x08004827   Thumb Code     0  startup_stm32f407xx.o(.text)
    DMA2_Stream6_IRQHandler                  0x08004827   Thumb Code     0  startup_stm32f407xx.o(.text)
    DMA2_Stream7_IRQHandler                  0x08004827   Thumb Code     0  startup_stm32f407xx.o(.text)
    ETH_IRQHandler                           0x08004827   Thumb Code     0  startup_stm32f407xx.o(.text)
    ETH_WKUP_IRQHandler                      0x08004827   Thumb Code     0  startup_stm32f407xx.o(.text)
    EXTI0_IRQHandler                         0x08004827   Thumb Code     0  startup_stm32f407xx.o(.text)
    EXTI15_10_IRQHandler                     0x08004827   Thumb Code     0  startup_stm32f407xx.o(.text)
    EXTI1_IRQHandler                         0x08004827   Thumb Code     0  startup_stm32f407xx.o(.text)
    EXTI2_IRQHandler                         0x08004827   Thumb Code     0  startup_stm32f407xx.o(.text)
    EXTI3_IRQHandler                         0x08004827   Thumb Code     0  startup_stm32f407xx.o(.text)
    EXTI4_IRQHandler                         0x08004827   Thumb Code     0  startup_stm32f407xx.o(.text)
    FLASH_IRQHandler                         0x08004827   Thumb Code     0  startup_stm32f407xx.o(.text)
    FMC_IRQHandler                           0x08004827   Thumb Code     0  startup_stm32f407xx.o(.text)
    FPU_IRQHandler                           0x08004827   Thumb Code     0  startup_stm32f407xx.o(.text)
    HASH_RNG_IRQHandler                      0x08004827   Thumb Code     0  startup_stm32f407xx.o(.text)
    I2C1_ER_IRQHandler                       0x08004827   Thumb Code     0  startup_stm32f407xx.o(.text)
    I2C1_EV_IRQHandler                       0x08004827   Thumb Code     0  startup_stm32f407xx.o(.text)
    I2C2_ER_IRQHandler                       0x08004827   Thumb Code     0  startup_stm32f407xx.o(.text)
    I2C2_EV_IRQHandler                       0x08004827   Thumb Code     0  startup_stm32f407xx.o(.text)
    I2C3_ER_IRQHandler                       0x08004827   Thumb Code     0  startup_stm32f407xx.o(.text)
    I2C3_EV_IRQHandler                       0x08004827   Thumb Code     0  startup_stm32f407xx.o(.text)
    OTG_FS_IRQHandler                        0x08004827   Thumb Code     0  startup_stm32f407xx.o(.text)
    OTG_FS_WKUP_IRQHandler                   0x08004827   Thumb Code     0  startup_stm32f407xx.o(.text)
    OTG_HS_EP1_IN_IRQHandler                 0x08004827   Thumb Code     0  startup_stm32f407xx.o(.text)
    OTG_HS_EP1_OUT_IRQHandler                0x08004827   Thumb Code     0  startup_stm32f407xx.o(.text)
    OTG_HS_IRQHandler                        0x08004827   Thumb Code     0  startup_stm32f407xx.o(.text)
    OTG_HS_WKUP_IRQHandler                   0x08004827   Thumb Code     0  startup_stm32f407xx.o(.text)
    PVD_IRQHandler                           0x08004827   Thumb Code     0  startup_stm32f407xx.o(.text)
    RCC_IRQHandler                           0x08004827   Thumb Code     0  startup_stm32f407xx.o(.text)
    RTC_Alarm_IRQHandler                     0x08004827   Thumb Code     0  startup_stm32f407xx.o(.text)
    RTC_WKUP_IRQHandler                      0x08004827   Thumb Code     0  startup_stm32f407xx.o(.text)
    SDIO_IRQHandler                          0x08004827   Thumb Code     0  startup_stm32f407xx.o(.text)
    SPI1_IRQHandler                          0x08004827   Thumb Code     0  startup_stm32f407xx.o(.text)
    SPI2_IRQHandler                          0x08004827   Thumb Code     0  startup_stm32f407xx.o(.text)
    SPI3_IRQHandler                          0x08004827   Thumb Code     0  startup_stm32f407xx.o(.text)
    TAMP_STAMP_IRQHandler                    0x08004827   Thumb Code     0  startup_stm32f407xx.o(.text)
    TIM1_BRK_TIM9_IRQHandler                 0x08004827   Thumb Code     0  startup_stm32f407xx.o(.text)
    TIM1_CC_IRQHandler                       0x08004827   Thumb Code     0  startup_stm32f407xx.o(.text)
    TIM1_TRG_COM_TIM11_IRQHandler            0x08004827   Thumb Code     0  startup_stm32f407xx.o(.text)
    TIM1_UP_TIM10_IRQHandler                 0x08004827   Thumb Code     0  startup_stm32f407xx.o(.text)
    TIM2_IRQHandler                          0x08004827   Thumb Code     0  startup_stm32f407xx.o(.text)
    TIM3_IRQHandler                          0x08004827   Thumb Code     0  startup_stm32f407xx.o(.text)
    TIM4_IRQHandler                          0x08004827   Thumb Code     0  startup_stm32f407xx.o(.text)
    TIM5_IRQHandler                          0x08004827   Thumb Code     0  startup_stm32f407xx.o(.text)
    TIM6_DAC_IRQHandler                      0x08004827   Thumb Code     0  startup_stm32f407xx.o(.text)
    TIM7_IRQHandler                          0x08004827   Thumb Code     0  startup_stm32f407xx.o(.text)
    TIM8_BRK_TIM12_IRQHandler                0x08004827   Thumb Code     0  startup_stm32f407xx.o(.text)
    TIM8_CC_IRQHandler                       0x08004827   Thumb Code     0  startup_stm32f407xx.o(.text)
    TIM8_TRG_COM_TIM14_IRQHandler            0x08004827   Thumb Code     0  startup_stm32f407xx.o(.text)
    TIM8_UP_TIM13_IRQHandler                 0x08004827   Thumb Code     0  startup_stm32f407xx.o(.text)
    UART4_IRQHandler                         0x08004827   Thumb Code     0  startup_stm32f407xx.o(.text)
    UART5_IRQHandler                         0x08004827   Thumb Code     0  startup_stm32f407xx.o(.text)
    USART1_IRQHandler                        0x08004827   Thumb Code     0  startup_stm32f407xx.o(.text)
    USART2_IRQHandler                        0x08004827   Thumb Code     0  startup_stm32f407xx.o(.text)
    USART3_IRQHandler                        0x08004827   Thumb Code     0  startup_stm32f407xx.o(.text)
    USART6_IRQHandler                        0x08004827   Thumb Code     0  startup_stm32f407xx.o(.text)
    WWDG_IRQHandler                          0x08004827   Thumb Code     0  startup_stm32f407xx.o(.text)
    SystemCoreClockUpdate                    0x08004831   Thumb Code   170  system_stm32f4xx.o(.text)
    SystemInit                               0x080049bb   Thumb Code    94  system_stm32f4xx.o(.text)
    __aeabi_memcpy                           0x08004a45   Thumb Code    36  memcpya.o(.text)
    __aeabi_memcpy4                          0x08004a45   Thumb Code     0  memcpya.o(.text)
    __aeabi_memcpy8                          0x08004a45   Thumb Code     0  memcpya.o(.text)
    __aeabi_memset                           0x08004a69   Thumb Code    14  memseta.o(.text)
    __aeabi_memset4                          0x08004a69   Thumb Code     0  memseta.o(.text)
    __aeabi_memset8                          0x08004a69   Thumb Code     0  memseta.o(.text)
    __aeabi_memclr                           0x08004a77   Thumb Code     4  memseta.o(.text)
    __aeabi_memclr4                          0x08004a77   Thumb Code     0  memseta.o(.text)
    __aeabi_memclr8                          0x08004a77   Thumb Code     0  memseta.o(.text)
    _memset$wrapper                          0x08004a7b   Thumb Code    18  memseta.o(.text)
    __scatterload                            0x08004a8d   Thumb Code    28  init.o(.text)
    __scatterload_rt2                        0x08004a8d   Thumb Code     0  init.o(.text)
    __scatterload_copy                       0x08004ab1   Thumb Code    14  handlers.o(i.__scatterload_copy)
    __scatterload_null                       0x08004abf   Thumb Code     2  handlers.o(i.__scatterload_null)
    __scatterload_zeroinit                   0x08004ac1   Thumb Code    14  handlers.o(i.__scatterload_zeroinit)
    AHBPrescTable                            0x08004ace   Data          16  system_stm32f4xx.o(.constdata)
    Region$$Table$$Base                      0x08004ae0   Number         0  anon$$obj.o(Region$$Table)
    Region$$Table$$Limit                     0x08004b00   Number         0  anon$$obj.o(Region$$Table)
    hTask1                                   0x20000000   Data           4  main.o(.data)
    hTask2                                   0x20000004   Data           4  main.o(.data)
    hPrintTask                               0x20000008   Data           4  main.o(.data)
    data_adc                                 0x20000014   Data           2  main.o(.data)
    pxCurrentTCB                             0x20000018   Data           4  tasks.o(.data)
    SystemCoreClock                          0x2000009c   Data           4  system_stm32f4xx.o(.data)
    xQueueRegistry                           0x200000a0   Data          64  queue.o(.bss)
    __initial_sp                             0x200131d0   Data           0  startup_stm32f407xx.o(STACK)



==============================================================================

Memory Map of the image

  Image Entry point : 0x0800480d

  Load Region LR_1 (Base: 0x08000000, Size: 0x00004ba0, Max: 0xffffffff, ABSOLUTE)

    Execution Region ER_RO (Exec base: 0x08000000, Load base: 0x08000000, Size: 0x00004b00, Max: 0xffffffff, ABSOLUTE)

    Exec Addr    Load Addr    Size         Type   Attr      Idx    E Section Name        Object

    0x08000000   0x08000000   0x00000188   Data   RO          977    RESET               startup_stm32f407xx.o
    0x08000188   0x08000188   0x00000000   Code   RO         1013  * .ARM.Collect$$$$00000000  mc_w.l(entry.o)
    0x08000188   0x08000188   0x00000004   Code   RO         1022    .ARM.Collect$$$$00000001  mc_w.l(entry2.o)
    0x0800018c   0x0800018c   0x00000004   Code   RO         1025    .ARM.Collect$$$$00000004  mc_w.l(entry5.o)
    0x08000190   0x08000190   0x00000000   Code   RO         1027    .ARM.Collect$$$$00000008  mc_w.l(entry7b.o)
    0x08000190   0x08000190   0x00000000   Code   RO         1029    .ARM.Collect$$$$0000000A  mc_w.l(entry8b.o)
    0x08000190   0x08000190   0x00000008   Code   RO         1030    .ARM.Collect$$$$0000000B  mc_w.l(entry9a.o)
    0x08000198   0x08000198   0x00000004   Code   RO         1037    .ARM.Collect$$$$0000000E  mc_w.l(entry12b.o)
    0x0800019c   0x0800019c   0x00000000   Code   RO         1032    .ARM.Collect$$$$0000000F  mc_w.l(entry10a.o)
    0x0800019c   0x0800019c   0x00000000   Code   RO         1034    .ARM.Collect$$$$00000011  mc_w.l(entry11a.o)
    0x0800019c   0x0800019c   0x00000004   Code   RO         1023    .ARM.Collect$$$$00002712  mc_w.l(entry2.o)
    0x080001a0   0x080001a0   0x000000b6   Code   RO          362    .emb_text           port.o
    0x08000256   0x08000256   0x00000002   PAD
    0x08000258   0x08000258   0x000000b0   Code   RO            4    .text               main.o
    0x08000308   0x08000308   0x00000094   Code   RO          214    .text               list.o
    0x0800039c   0x0800039c   0x00000c30   Code   RO          247    .text               queue.o
    0x08000fcc   0x08000fcc   0x000017c4   Code   RO          289    .text               tasks.o
    0x08002790   0x08002790   0x000005e0   Code   RO          323    .text               timers.o
    0x08002d70   0x08002d70   0x0000030c   Code   RO          363    .text               port.o
    0x0800307c   0x0800307c   0x00000124   Code   RO          404    .text               heap_2.o
    0x080031a0   0x080031a0   0x000000e0   Code   RO          431    .text               misc.o
    0x08003280   0x08003280   0x00000464   Code   RO          455    .text               stm32f4xx_adc.o
    0x080036e4   0x080036e4   0x00000298   Code   RO          527    .text               stm32f4xx_gpio.o
    0x0800397c   0x0800397c   0x0000065c   Code   RO          599    .text               stm32f4xx_rcc.o
    0x08003fd8   0x08003fd8   0x00000094   Code   RO          673    .text               stm32f4xx_syscfg.o
    0x0800406c   0x0800406c   0x00000454   Code   RO          721    .text               stm32f4xx_usart.o
    0x080044c0   0x080044c0   0x00000110   Code   RO          793    .text               stm32f4xx_exti.o
    0x080045d0   0x080045d0   0x0000023c   Code   RO          847    .text               utils.o
    0x0800480c   0x0800480c   0x00000024   Code   RO          978  * .text               startup_stm32f407xx.o
    0x08004830   0x08004830   0x00000214   Code   RO          985    .text               system_stm32f4xx.o
    0x08004a44   0x08004a44   0x00000024   Code   RO         1016    .text               mc_w.l(memcpya.o)
    0x08004a68   0x08004a68   0x00000024   Code   RO         1018    .text               mc_w.l(memseta.o)
    0x08004a8c   0x08004a8c   0x00000024   Code   RO         1038    .text               mc_w.l(init.o)
    0x08004ab0   0x08004ab0   0x0000000e   Code   RO         1042    i.__scatterload_copy  mc_w.l(handlers.o)
    0x08004abe   0x08004abe   0x00000002   Code   RO         1043    i.__scatterload_null  mc_w.l(handlers.o)
    0x08004ac0   0x08004ac0   0x0000000e   Code   RO         1044    i.__scatterload_zeroinit  mc_w.l(handlers.o)
    0x08004ace   0x08004ace   0x00000010   Data   RO          986    .constdata          system_stm32f4xx.o
    0x08004ade   0x08004ade   0x00000002   PAD
    0x08004ae0   0x08004ae0   0x00000020   Data   RO         1040    Region$$Table       anon$$obj.o


    Execution Region ER_RW (Exec base: 0x20000000, Load base: 0x08004b00, Size: 0x000000a0, Max: 0xffffffff, ABSOLUTE)

    Exec Addr    Load Addr    Size         Type   Attr      Idx    E Section Name        Object

    0x20000000   0x08004b00   0x00000016   Data   RW            5    .data               main.o
    0x20000016   0x08004b16   0x00000002   PAD
    0x20000018   0x08004b18   0x0000003c   Data   RW          291    .data               tasks.o
    0x20000054   0x08004b54   0x00000014   Data   RW          325    .data               timers.o
    0x20000068   0x08004b68   0x0000000c   Data   RW          364    .data               port.o
    0x20000074   0x08004b74   0x00000018   Data   RW          406    .data               heap_2.o
    0x2000008c   0x08004b8c   0x00000010   Data   RW          600    .data               stm32f4xx_rcc.o
    0x2000009c   0x08004b9c   0x00000004   Data   RW          987    .data               system_stm32f4xx.o


    Execution Region ER_ZI (Exec base: 0x200000a0, Load base: 0x08004ba0, Size: 0x00013130, Max: 0xffffffff, ABSOLUTE)

    Exec Addr    Load Addr    Size         Type   Attr      Idx    E Section Name        Object

    0x200000a0        -       0x00000040   Zero   RW          248    .bss                queue.o
    0x200000e0        -       0x000000c8   Zero   RW          290    .bss                tasks.o
    0x200001a8        -       0x00000028   Zero   RW          324    .bss                timers.o
    0x200001d0        -       0x00012c00   Zero   RW          405    .bss                heap_2.o
    0x20012dd0        -       0x00000400   Zero   RW          975    STACK               startup_stm32f407xx.o


==============================================================================

Image component sizes


      Code (inc. data)   RO Data    RW Data    ZI Data      Debug   Object Name

       292         26          0         24      76800       3268   heap_2.o
       148          0          0          0          0       3458   list.o
       176         46          0         22          0     304231   main.o
       224         20          0          0          0       1953   misc.o
       962         52          0         12          0       8819   port.o
      3120         14          0          0         64      24296   queue.o
        36          8        392          0       1024        848   startup_stm32f407xx.o
      1124         24          0          0          0      10818   stm32f4xx_adc.o
       272         10          0          0          0       2423   stm32f4xx_exti.o
       664         44          0          0          0       4297   stm32f4xx_gpio.o
      1628         52          0         16          0      13248   stm32f4xx_rcc.o
       148         12          0          0          0       1897   stm32f4xx_syscfg.o
      1108         34          0          0          0       8016   stm32f4xx_usart.o
       532         44         16          4          0       1867   system_stm32f4xx.o
      6084        338          0         60        200      28306   tasks.o
      1504         68          0         20         40      16803   timers.o
       572         30          0          0          0      27917   utils.o

    ----------------------------------------------------------------------
     18596        822        442        160      78128     462465   Object Totals
         0          0         32          0          0          0   (incl. Generated)
         2          0          2          2          0          0   (incl. Padding)

    ----------------------------------------------------------------------

      Code (inc. data)   RO Data    RW Data    ZI Data      Debug   Library Member Name

         0          0          0          0          0          0   entry.o
         0          0          0          0          0          0   entry10a.o
         0          0          0          0          0          0   entry11a.o
         4          0          0          0          0          0   entry12b.o
         8          4          0          0          0          0   entry2.o
         4          0          0          0          0          0   entry5.o
         0          0          0          0          0          0   entry7b.o
         0          0          0          0          0          0   entry8b.o
         8          4          0          0          0          0   entry9a.o
        30          0          0          0          0          0   handlers.o
        36          8          0          0          0         68   init.o
        36          0          0          0          0         68   memcpya.o
        36          0          0          0          0        108   memseta.o

    ----------------------------------------------------------------------
       162         16          0          0          0        244   Library Totals
         0          0          0          0          0          0   (incl. Padding)

    ----------------------------------------------------------------------

      Code (inc. data)   RO Data    RW Data    ZI Data      Debug   Library Name

       162         16          0          0          0        244   mc_w.l

    ----------------------------------------------------------------------
       162         16          0          0          0        244   Library Totals

    ----------------------------------------------------------------------

==============================================================================


      Code (inc. data)   RO Data    RW Data    ZI Data      Debug   

     18758        838        442        160      78128     458361   Grand Totals
     18758        838        442        160      78128     458361   ELF Image Totals
     18758        838        442        160          0          0   ROM Totals

==============================================================================

    Total RO  Size (Code + RO Data)                19200 (  18.75kB)
    Total RW  Size (RW Data + ZI Data)             78288 (  76.45kB)
    Total ROM Size (Code + RO Data + RW Data)      19360 (  18.91kB)

==============================================================================

