Component: ARM Compiler 5.06 update 7 (build 960) Tool: armlink [4d3601]

==============================================================================

Section Cross References

    main.o(.text) refers to tasks.o(.text) for vTaskDelay
    main.o(.text) refers to lcd.o(.text) for lcd_move
    main.o(.text) refers to printf6.o(i.__0sprintf$6) for __2sprintf
    main.o(.text) refers to queue.o(.text) for xQueueGenericReceive
    main.o(.text) refers to printf6.o(i.__0printf$6) for __2printf
    main.o(.text) refers to stm32f4xx_tim.o(.text) for TIM_Cmd
    main.o(.text) refers to utils.o(.text) for vUSART2_Init
    main.o(.text) refers to stm32f4xx_exti.o(.text) for EXTI_GetITStatus
    main.o(.text) refers to main.o(.data) for lcd_mutex
    queue.o(.text) refers to port.o(.text) for vPortEnterCritical
    queue.o(.text) refers to tasks.o(.text) for xTaskRemoveFromEventList
    queue.o(.text) refers to list.o(.text) for vListInitialise
    queue.o(.text) refers to heap_2.o(.text) for pvPortMalloc
    queue.o(.text) refers to memcpya.o(.text) for __aeabi_memcpy
    queue.o(.text) refers to queue.o(.bss) for xQueueRegistry
    tasks.o(.text) refers to list.o(.text) for vListInitialise
    tasks.o(.text) refers to port.o(.text) for vPortEnterCritical
    tasks.o(.text) refers to memseta.o(.text) for __aeabi_memset
    tasks.o(.text) refers to heap_2.o(.text) for pvPortMalloc
    tasks.o(.text) refers to tasks.o(.bss) for pxReadyTasksLists
    tasks.o(.text) refers to tasks.o(.data) for pxDelayedTaskList
    tasks.o(.text) refers to timers.o(.text) for xTimerCreateTimerTask
    timers.o(.text) refers to list.o(.text) for vListInsert
    timers.o(.text) refers to tasks.o(.text) for xTaskGetSchedulerState
    timers.o(.text) refers to queue.o(.text) for xQueueGenericSend
    timers.o(.text) refers to heap_2.o(.text) for vPortFree
    timers.o(.text) refers to port.o(.text) for vPortEnterCritical
    timers.o(.text) refers to timers.o(.data) for pxOverflowTimerList
    timers.o(.text) refers to timers.o(.bss) for xActiveTimerList1
    port.o(.emb_text) refers to tasks.o(.text) for vTaskSwitchContext
    port.o(.emb_text) refers to tasks.o(.data) for pxCurrentTCB
    port.o(.text) refers to port.o(.emb_text) for __asm___6_port_c_39a90d8d__prvEnableVFP
    port.o(.text) refers to tasks.o(.text) for xTaskIncrementTick
    port.o(.text) refers to port.o(.data) for uxCriticalNesting
    port.o(.text) refers to system_stm32f4xx.o(.data) for SystemCoreClock
    heap_2.o(.text) refers to tasks.o(.text) for vTaskSuspendAll
    heap_2.o(.text) refers to heap_2.o(.bss) for ucHeap
    heap_2.o(.text) refers to heap_2.o(.data) for xStart
    stm32f4xx_adc.o(.text) refers to stm32f4xx_rcc.o(.text) for RCC_APB2PeriphResetCmd
    stm32f4xx_dac.o(.text) refers to stm32f4xx_rcc.o(.text) for RCC_APB1PeriphResetCmd
    stm32f4xx_gpio.o(.text) refers to stm32f4xx_rcc.o(.text) for RCC_AHB1PeriphResetCmd
    stm32f4xx_i2c.o(.text) refers to stm32f4xx_rcc.o(.text) for RCC_APB1PeriphResetCmd
    stm32f4xx_pwr.o(.text) refers to stm32f4xx_rcc.o(.text) for RCC_APB1PeriphResetCmd
    stm32f4xx_rcc.o(.text) refers to stm32f4xx_rcc.o(.data) for APBAHBPrescTable
    stm32f4xx_spi.o(.text) refers to stm32f4xx_rcc.o(.text) for RCC_APB2PeriphResetCmd
    stm32f4xx_syscfg.o(.text) refers to stm32f4xx_rcc.o(.text) for RCC_APB2PeriphResetCmd
    stm32f4xx_tim.o(.text) refers to stm32f4xx_rcc.o(.text) for RCC_APB2PeriphResetCmd
    stm32f4xx_usart.o(.text) refers to stm32f4xx_rcc.o(.text) for RCC_APB2PeriphResetCmd
    stm32f4xx_wwdg.o(.text) refers to stm32f4xx_rcc.o(.text) for RCC_APB1PeriphResetCmd
    stm32f4_discovery_lis302dl.o(.text) refers to stm32f4xx_spi.o(.text) for SPI_I2S_GetFlagStatus
    stm32f4_discovery_lis302dl.o(.text) refers to stm32f4xx_gpio.o(.text) for GPIO_ResetBits
    stm32f4_discovery_lis302dl.o(.text) refers to stm32f4xx_rcc.o(.text) for RCC_APB2PeriphClockCmd
    stm32f4_discovery_lis302dl.o(.text) refers to stm32f4_discovery_lis302dl.o(.data) for LIS302DLTimeout
    utils.o(.text) refers to stm32f4xx_rcc.o(.text) for RCC_APB1PeriphClockCmd
    utils.o(.text) refers to stm32f4xx_gpio.o(.text) for GPIO_PinAFConfig
    utils.o(.text) refers to stm32f4xx_usart.o(.text) for USART_ClockStructInit
    utils.o(.text) refers to misc.o(.text) for NVIC_Init
    utils.o(.text) refers to stm32f4xx_tim.o(.text) for TIM_TimeBaseInit
    utils.o(.text) refers to stm32f4xx_syscfg.o(.text) for SYSCFG_EXTILineConfig
    utils.o(.text) refers to stm32f4xx_exti.o(.text) for EXTI_Init
    stm32f4_discovery.o(.text) refers to stm32f4xx_rcc.o(.text) for RCC_AHB1PeriphClockCmd
    stm32f4_discovery.o(.text) refers to stm32f4xx_gpio.o(.text) for GPIO_Init
    stm32f4_discovery.o(.text) refers to stm32f4xx_syscfg.o(.text) for SYSCFG_EXTILineConfig
    stm32f4_discovery.o(.text) refers to stm32f4xx_exti.o(.text) for EXTI_Init
[...]
    Removing croutine.o(.rev16_text), (4 bytes).
    Removing croutine.o(.revsh_text), (4 bytes).
    Removing croutine.o(.rrx_text), (6 bytes).
    Removing list.o(.rev16_text), (4 bytes).
    Removing list.o(.revsh_text), (4 bytes).
    Removing list.o(.rrx_text), (6 bytes).
    Removing queue.o(.rev16_text), (4 bytes).
    Removing queue.o(.revsh_text), (4 bytes).
    Removing queue.o(.rrx_text), (6 bytes).
    Removing tasks.o(.rev16_text), (4 bytes).
    Removing tasks.o(.revsh_text), (4 bytes).
    Removing tasks.o(.rrx_text), (6 bytes).
    Removing timers.o(.rev16_text), (4 bytes).
    Removing timers.o(.revsh_text), (4 bytes).
    Removing timers.o(.rrx_text), (6 bytes).
    Removing port.o(.rev16_text), (4 bytes).
    Removing port.o(.revsh_text), (4 bytes).
    Removing port.o(.rrx_text), (6 bytes).
    Removing heap_2.o(.rev16_text), (4 bytes).
    Removing heap_2.o(.revsh_text), (4 bytes).
    Removing heap_2.o(.rrx_text), (6 bytes).
    Removing misc.o(.rev16_text), (4 bytes).
    Removing misc.o(.revsh_text), (4 bytes).
    Removing misc.o(.rrx_text), (6 bytes).
    Removing stm32f4xx_adc.o(.rev16_text), (4 bytes).
    Removing stm32f4xx_adc.o(.revsh_text), (4 bytes).
    Removing stm32f4xx_adc.o(.rrx_text), (6 bytes).
    Removing stm32f4xx_adc.o(.text), (1124 bytes).
    Removing stm32f4xx_dac.o(.rev16_text), (4 bytes).
    Removing stm32f4xx_dac.o(.revsh_text), (4 bytes).
    Removing stm32f4xx_dac.o(.rrx_text), (6 bytes).
    Removing stm32f4xx_dac.o(.text), (528 bytes).
    Removing stm32f4xx_dbgmcu.o(.rev16_text), (4 bytes).
    Removing stm32f4xx_dbgmcu.o(.revsh_text), (4 bytes).
    Removing stm32f4xx_dbgmcu.o(.rrx_text), (6 bytes).
    Removing stm32f4xx_dbgmcu.o(.text), (100 bytes).
    Removing stm32f4xx_gpio.o(.rev16_text), (4 bytes).
    Removing stm32f4xx_gpio.o(.revsh_text), (4 bytes).
    Removing stm32f4xx_gpio.o(.rrx_text), (6 bytes).
    Removing stm32f4xx_i2c.o(.rev16_text), (4 bytes).
    Removing stm32f4xx_i2c.o(.revsh_text), (4 bytes).
    Removing stm32f4xx_i2c.o(.rrx_text), (6 bytes).
    Removing stm32f4xx_i2c.o(.text), (1130 bytes).
    Removing stm32f4xx_pwr.o(.rev16_text), (4 bytes).
    Removing stm32f4xx_pwr.o(.revsh_text), (4 bytes).
    Removing stm32f4xx_pwr.o(.rrx_text), (6 bytes).
    Removing stm32f4xx_pwr.o(.text), (328 bytes).
    Removing stm32f4xx_rcc.o(.rev16_text), (4 bytes).
    Removing stm32f4xx_rcc.o(.revsh_text), (4 bytes).
    Removing stm32f4xx_rcc.o(.rrx_text), (6 bytes).
    Removing stm32f4xx_rtc.o(.rev16_text), (4 bytes).
    Removing stm32f4xx_rtc.o(.revsh_text), (4 bytes).
    Removing stm32f4xx_rtc.o(.rrx_text), (6 bytes).
    Removing stm32f4xx_rtc.o(.text), (3440 bytes).
    Removing stm32f4xx_spi.o(.rev16_text), (4 bytes).
    Removing stm32f4xx_spi.o(.revsh_text), (4 bytes).
    Removing stm32f4xx_spi.o(.rrx_text), (6 bytes).
    Removing stm32f4xx_spi.o(.text), (1164 bytes).
    Removing stm32f4xx_syscfg.o(.rev16_text), (4 bytes).
    Removing stm32f4xx_syscfg.o(.revsh_text), (4 bytes).
    Removing stm32f4xx_syscfg.o(.rrx_text), (6 bytes).
    Removing stm32f4xx_tim.o(.rev16_text), (4 bytes).
    Removing stm32f4xx_tim.o(.revsh_text), (4 bytes).
    Removing stm32f4xx_tim.o(.rrx_text), (6 bytes).
    Removing stm32f4xx_usart.o(.rev16_text), (4 bytes).
    Removing stm32f4xx_usart.o(.revsh_text), (4 bytes).
    Removing stm32f4xx_usart.o(.rrx_text), (6 bytes).
    Removing stm32f4xx_wwdg.o(.rev16_text), (4 bytes).
    Removing stm32f4xx_wwdg.o(.revsh_text), (4 bytes).
    Removing stm32f4xx_wwdg.o(.rrx_text), (6 bytes).
    Removing stm32f4xx_wwdg.o(.text), (144 bytes).
    Removing stm32f4xx_iwdg.o(.rev16_text), (4 bytes).
    Removing stm32f4xx_iwdg.o(.revsh_text), (4 bytes).
    Removing stm32f4xx_iwdg.o(.rrx_text), (6 bytes).
    Removing stm32f4xx_iwdg.o(.text), (64 bytes).
    Removing stm32f4xx_exti.o(.rev16_text), (4 bytes).
    Removing stm32f4xx_exti.o(.revsh_text), (4 bytes).
    Removing stm32f4xx_exti.o(.rrx_text), (6 bytes).
    Removing stm32f4_discovery_lis302dl.o(.rev16_text), (4 bytes).
    Removing stm32f4_discovery_lis302dl.o(.revsh_text), (4 bytes).
    Removing stm32f4_discovery_lis302dl.o(.rrx_text), (6 bytes).
    Removing stm32f4_discovery_lis302dl.o(.text), (960 bytes).
    Removing stm32f4_discovery_lis302dl.o(.data), (4 bytes).
    Removing utils.o(.rev16_text), (4 bytes).
    Removing utils.o(.revsh_text), (4 bytes).
    Removing utils.o(.rrx_text), (6 bytes).
    Removing stm32f4_discovery.o(.rev16_text), (4 bytes).
    Removing stm32f4_discovery.o(.revsh_text), (4 bytes).
    Removing stm32f4_discovery.o(.rrx_text), (6 bytes).
    Removing stm32f4_discovery.o(.text), (324 bytes).
    Removing stm32f4_discovery.o(.constdata), (37 bytes).
    Removing stm32f4_discovery.o(.data), (24 bytes).
    Removing retarget.o(.rev16_text), (4 bytes).
    Removing retarget.o(.revsh_text), (4 bytes).
    Removing retarget.o(.rrx_text), (6 bytes).
    Removing delay.o(.rev16_text), (4 bytes).
    Removing delay.o(.revsh_text), (4 bytes).
    Removing delay.o(.rrx_text), (6 bytes).
    Removing startup_stm32f407xx.o(HEAP), (512 bytes).
    Removing system_stm32f4xx.o(.rev16_text), (4 bytes).
    Removing system_stm32f4xx.o(.revsh_text), (4 bytes).
    Removing system_stm32f4xx.o(.rrx_text), (6 bytes).
    Removing dadd.o(.text), (334 bytes).
    Removing dmul.o(.text), (228 bytes).
    Removing ddiv.o(.text), (222 bytes).
    Removing dfixul.o(.text), (48 bytes).
    Removing cdrcmple.o(.text), (48 bytes).
    Removing depilogue.o(.text), (186 bytes).

111 unused section(s) (total 11369 bytes) removed from the image.

==============================================================================

Image Symbol Table

    Local Symbols

    Symbol Name                              Value     Ov Type        Size  Object(Section)

    ../clib/microlib/division.c              0x00000000   Number         0  uldiv.o ABSOLUTE
    ../clib/microlib/division.c              0x00000000   Number         0  uidiv.o ABSOLUTE
    ../clib/microlib/init/entry.s            0x00000000   Number         0  entry11a.o ABSOLUTE
    ../clib/microlib/init/entry.s            0x00000000   Number         0  entry.o ABSOLUTE
    ../clib/microlib/init/entry.s            0x00000000   Number         0  entry9a.o ABSOLUTE
    ../clib/microlib/init/entry.s            0x00000000   Number         0  entry12b.o ABSOLUTE
    ../clib/microlib/init/entry.s            0x00000000   Number         0  entry2.o ABSOLUTE
    ../clib/microlib/init/entry.s            0x00000000   Number         0  entry9b.o ABSOLUTE
    ../clib/microlib/init/entry.s            0x00000000   Number         0  entry10b.o ABSOLUTE
    ../clib/microlib/init/entry.s            0x00000000   Number         0  entry11b.o ABSOLUTE
    ../clib/microlib/init/entry.s            0x00000000   Number         0  entry8b.o ABSOLUTE
    ../clib/microlib/init/entry.s            0x00000000   Number         0  entry7b.o ABSOLUTE
    ../clib/microlib/init/entry.s            0x00000000   Number         0  entry5.o ABSOLUTE
    ../clib/microlib/init/entry.s            0x00000000   Number         0  entry12a.o ABSOLUTE
    ../clib/microlib/init/entry.s            0x00000000   Number         0  entry8a.o ABSOLUTE
    ../clib/microlib/init/entry.s            0x00000000   Number         0  entry7a.o ABSOLUTE
    ../clib/microlib/init/entry.s            0x00000000   Number         0  entry10a.o ABSOLUTE
    ../clib/microlib/longlong.c              0x00000000   Number         0  llshl.o ABSOLUTE
    ../clib/microlib/longlong.c              0x00000000   Number         0  llushr.o ABSOLUTE
    ../clib/microlib/longlong.c              0x00000000   Number         0  llsshr.o ABSOLUTE
    ../clib/microlib/printf/printf.c         0x00000000   Number         0  printf2.o ABSOLUTE
    ../clib/microlib/printf/printf.c         0x00000000   Number         0  printf3.o ABSOLUTE
    ../clib/microlib/printf/printf.c         0x00000000   Number         0  printf8.o ABSOLUTE
    ../clib/microlib/printf/printf.c         0x00000000   Number         0  printf1.o ABSOLUTE
    ../clib/microlib/printf/printf.c         0x00000000   Number         0  printfa.o ABSOLUTE
    ../clib/microlib/printf/printf.c         0x00000000   Number         0  printf4.o ABSOLUTE
    ../clib/microlib/printf/printf.c         0x00000000   Number         0  printf5.o ABSOLUTE
    ../clib/microlib/printf/printf.c         0x00000000   Number         0  printf6.o ABSOLUTE
    ../clib/microlib/printf/printf.c         0x00000000   Number         0  printf7.o ABSOLUTE
    ../clib/microlib/printf/printf.c         0x00000000   Number         0  printf0.o ABSOLUTE
    ../clib/microlib/printf/printf.c         0x00000000   Number         0  printfb.o ABSOLUTE
    ../clib/microlib/printf/stubs.s          0x00000000   Number         0  stubs.o ABSOLUTE
    ../clib/microlib/string/memcpy.c         0x00000000   Number         0  memcpya.o ABSOLUTE
    ../clib/microlib/string/memcpy.c         0x00000000   Number         0  memcpyb.o ABSOLUTE
    ../clib/microlib/string/memset.c         0x00000000   Number         0  memseta.o ABSOLUTE
    ../clib/microlib/stubs.s                 0x00000000   Number         0  useno.o ABSOLUTE
    ../clib/microlib/stubs.s                 0x00000000   Number         0  iusefp.o ABSOLUTE
    ../fplib/microlib/fpadd.c                0x00000000   Number         0  dadd.o ABSOLUTE
    ../fplib/microlib/fpdiv.c                0x00000000   Number         0  ddiv.o ABSOLUTE
    ../fplib/microlib/fpepilogue.c           0x00000000   Number         0  depilogue.o ABSOLUTE
    ../fplib/microlib/fpfix.c                0x00000000   Number         0  dfixul.o ABSOLUTE
    ../fplib/microlib/fpmul.c                0x00000000   Number         0  dmul.o ABSOLUTE
    Libraries\STM32F4xx_StdPeriph_Driver\src\misc.c 0x00000000   Number         0  misc.o ABSOLUTE
    Libraries\STM32F4xx_StdPeriph_Driver\src\stm32f4_discovery.c 0x00000000   Number         0  stm32f4_discovery.o ABSOLUTE
    Libraries\STM32F4xx_StdPeriph_Driver\src\stm32f4xx_adc.c 0x00000000   Number         0  stm32f4xx_adc.o ABSOLUTE
    Libraries\STM32F4xx_StdPeriph_Driver\src\stm32f4xx_dac.c 0x00000000   Number         0  stm32f4xx_dac.o ABSOLUTE
    Libraries\STM32F4xx_StdPeriph_Driver\src\stm32f4xx_dbgmcu.c 0x00000000   Number         0  stm32f4xx_dbgmcu.o ABSOLUTE
    Libraries\STM32F4xx_StdPeriph_Driver\src\stm32f4xx_exti.c 0x00000000   Number         0  stm32f4xx_exti.o ABSOLUTE
    Libraries\STM32F4xx_StdPeriph_Driver\src\stm32f4xx_gpio.c 0x00000000   Number         0  stm32f4xx_gpio.o ABSOLUTE
    Libraries\STM32F4xx_StdPeriph_Driver\src\stm32f4xx_i2c.c 0x00000000   Number         0  stm32f4xx_i2c.o ABSOLUTE
    Libraries\STM32F4xx_StdPeriph_Driver\src\stm32f4xx_iwdg.c 0x00000000   Number         0  stm32f4xx_iwdg.o ABSOLUTE
    Libraries\STM32F4xx_StdPeriph_Driver\src\stm32f4xx_pwr.c 0x00000000   Number         0  stm32f4xx_pwr.o ABSOLUTE
    Libraries\STM32F4xx_StdPeriph_Driver\src\stm32f4xx_rcc.c 0x00000000   Number         0  stm32f4xx_rcc.o ABSOLUTE
    Libraries\STM32F4xx_StdPeriph_Driver\src\stm32f4xx_rtc.c 0x00000000   Number         0  stm32f4xx_rtc.o ABSOLUTE
    Libraries\STM32F4xx_StdPeriph_Driver\src\stm32f4xx_spi.c 0x00000000   Number         0  stm32f4xx_spi.o ABSOLUTE
    Libraries\STM32F4xx_StdPeriph_Driver\src\stm32f4xx_syscfg.c 0x00000000   Number         0  stm32f4xx_syscfg.o ABSOLUTE
    Libraries\STM32F4xx_StdPeriph_Driver\src\stm32f4xx_tim.c 0x00000000   Number         0  stm32f4xx_tim.o ABSOLUTE
    Libraries\STM32F4xx_StdPeriph_Driver\src\stm32f4xx_usart.c 0x00000000   Number         0  stm32f4xx_usart.o ABSOLUTE
    Libraries\STM32F4xx_StdPeriph_Driver\src\stm32f4xx_wwdg.c 0x00000000   Number         0  stm32f4xx_wwdg.o ABSOLUTE
    Libraries\\STM32F4xx_StdPeriph_Driver\\src\\misc.c 0x00000000   Number         0  misc.o ABSOLUTE
    Libraries\\STM32F4xx_StdPeriph_Driver\\src\\stm32f4_discovery.c 0x00000000   Number         0  stm32f4_discovery.o ABSOLUTE
    Libraries\\STM32F4xx_StdPeriph_Driver\\src\\stm32f4xx_adc.c 0x00000000   Number         0  stm32f4xx_adc.o ABSOLUTE
    Libraries\\STM32F4xx_StdPeriph_Driver\\src\\stm32f4xx_dac.c 0x00000000   Number         0  stm32f4xx_dac.o ABSOLUTE
    Libraries\\STM32F4xx_StdPeriph_Driver\\src\\stm32f4xx_dbgmcu.c 0x00000000   Number         0  stm32f4xx_dbgmcu.o ABSOLUTE
    Libraries\\STM32F4xx_StdPeriph_Driver\\src\\stm32f4xx_exti.c 0x00000000   Number         0  stm32f4xx_exti.o ABSOLUTE
    Libraries\\STM32F4xx_StdPeriph_Driver\\src\\stm32f4xx_gpio.c 0x00000000   Number         0  stm32f4xx_gpio.o ABSOLUTE
    Libraries\\STM32F4xx_StdPeriph_Driver\\src\\stm32f4xx_i2c.c 0x00000000   Number         0  stm32f4xx_i2c.o ABSOLUTE
    Libraries\\STM32F4xx_StdPeriph_Driver\\src\\stm32f4xx_iwdg.c 0x00000000   Number         0  stm32f4xx_iwdg.o ABSOLUTE
    Libraries\\STM32F4xx_StdPeriph_Driver\\src\\stm32f4xx_pwr.c 0x00000000   Number         0  stm32f4xx_pwr.o ABSOLUTE
    Libraries\\STM32F4xx_StdPeriph_Driver\\src\\stm32f4xx_rcc.c 0x00000000   Number         0  stm32f4xx_rcc.o ABSOLUTE
    Libraries\\STM32F4xx_StdPeriph_Driver\\src\\stm32f4xx_rtc.c 0x00000000   Number         0  stm32f4xx_rtc.o ABSOLUTE
    Libraries\\STM32F4xx_StdPeriph_Driver\\src\\stm32f4xx_spi.c 0x00000000   Number         0  stm32f4xx_spi.o ABSOLUTE
    Libraries\\STM32F4xx_StdPeriph_Driver\\src\\stm32f4xx_syscfg.c 0x00000000   Number         0  stm32f4xx_syscfg.o ABSOLUTE
    Libraries\\STM32F4xx_StdPeriph_Driver\\src\\stm32f4xx_tim.c 0x00000000   Number         0  stm32f4xx_tim.o ABSOLUTE
    Libraries\\STM32F4xx_StdPeriph_Driver\\src\\stm32f4xx_usart.c 0x00000000   Number         0  stm32f4xx_usart.o ABSOLUTE
    Libraries\\STM32F4xx_StdPeriph_Driver\\src\\stm32f4xx_wwdg.c 0x00000000   Number         0  stm32f4xx_wwdg.o ABSOLUTE
    RTE\Device\STM32F407VG\startup_stm32f407xx.s 0x00000000   Number         0  startup_stm32f407xx.o ABSOLUTE
    RTE\Device\STM32F407VG\system_stm32f4xx.c 0x00000000   Number         0  system_stm32f4xx.o ABSOLUTE
    RTE\\Device\\STM32F407VG\\system_stm32f4xx.c 0x00000000   Number         0  system_stm32f4xx.o ABSOLUTE
    cdrcmple.s                               0x00000000   Number         0  cdrcmple.o ABSOLUTE
    dc.s                                     0x00000000   Number         0  dc.o ABSOLUTE
    handlers.s                               0x00000000   Number         0  handlers.o ABSOLUTE
    init.s                                   0x00000000   Number         0  init.o ABSOLUTE
    src\FreeRTOS\croutine.c                  0x00000000   Number         0  croutine.o ABSOLUTE
    src\FreeRTOS\list.c                      0x00000000   Number         0  list.o ABSOLUTE
    src\FreeRTOS\portable\MemMang\heap_2.c   0x00000000   Number         0  heap_2.o ABSOLUTE
    src\FreeRTOS\portable\RVDS\ARM_CM4F\port.c 0x00000000   Number         0  port.o ABSOLUTE
    src\FreeRTOS\queue.c                     0x00000000   Number         0  queue.o ABSOLUTE
    src\FreeRTOS\tasks.c                     0x00000000   Number         0  tasks.o ABSOLUTE
    src\FreeRTOS\timers.c                    0x00000000   Number         0  timers.o ABSOLUTE
    src\\FreeRTOS\\croutine.c                0x00000000   Number         0  croutine.o ABSOLUTE
    src\\FreeRTOS\\list.c                    0x00000000   Number         0  list.o ABSOLUTE
    src\\FreeRTOS\\portable\\MemMang\\heap_2.c 0x00000000   Number         0  heap_2.o ABSOLUTE
    src\\FreeRTOS\\portable\\RVDS\\ARM_CM4F\\port.c 0x00000000   Number         0  port.o ABSOLUTE
    src\\FreeRTOS\\queue.c                   0x00000000   Number         0  queue.o ABSOLUTE
    src\\FreeRTOS\\tasks.c                   0x00000000   Number         0  tasks.o ABSOLUTE
    src\\FreeRTOS\\timers.c                  0x00000000   Number         0  timers.o ABSOLUTE
    src\\delay.c                             0x00000000   Number         0  delay.o ABSOLUTE
    src\\main.c                              0x00000000   Number         0  main.o ABSOLUTE
    src\\retarget.c                          0x00000000   Number         0  retarget.o ABSOLUTE
    src\\stm32f4_discovery_lis302dl.c        0x00000000   Number         0  stm32f4_discovery_lis302dl.o ABSOLUTE
    src\\utils.c                             0x00000000   Number         0  utils.o ABSOLUTE
    src\delay.c                              0x00000000   Number         0  delay.o ABSOLUTE
    src\lcd.c                                0x00000000   Number         0  lcd.o ABSOLUTE
    src\main.c                               0x00000000   Number         0  main.o ABSOLUTE
    src\retarget.c                           0x00000000   Number         0  retarget.o ABSOLUTE
    src\stm32f4_discovery_lis302dl.c         0x00000000   Number         0  stm32f4_discovery_lis302dl.o ABSOLUTE
    src\utils.c                              0x00000000   Number         0  utils.o ABSOLUTE
    RESET                                    0x08000000   Section      392  startup_stm32f407xx.o(RESET)
    .ARM.Collect$$$$00000000                 0x08000188   Section        0  entry.o(.ARM.Collect$$$$00000000)
    .ARM.Collect$$$$00000001                 0x08000188   Section        4  entry2.o(.ARM.Collect$$$$00000001)
    .ARM.Collect$$$$00000004                 0x0800018c   Section        4  entry5.o(.ARM.Collect$$$$00000004)
    .ARM.Collect$$$$00000008                 0x08000190   Section        0  entry7b.o(.ARM.Collect$$$$00000008)
    .ARM.Collect$$$$0000000A                 0x08000190   Section        0  entry8b.o(.ARM.Collect$$$$0000000A)
    .ARM.Collect$$$$0000000B                 0x08000190   Section        8  entry9a.o(.ARM.Collect$$$$0000000B)
    .ARM.Collect$$$$0000000E                 0x08000198   Section        4  entry12b.o(.ARM.Collect$$$$0000000E)
    .ARM.Collect$$$$0000000F                 0x0800019c   Section        0  entry10a.o(.ARM.Collect$$$$0000000F)
    .ARM.Collect$$$$00000011                 0x0800019c   Section        0  entry11a.o(.ARM.Collect$$$$00000011)
    .ARM.Collect$$$$00002712                 0x0800019c   Section        4  entry2.o(.ARM.Collect$$$$00002712)
    __lit__00000000                          0x0800019c   Data           4  entry2.o(.ARM.Collect$$$$00002712)
    .emb_text                                0x080001a0   Section      182  port.o(.emb_text)
    $v0                                      0x080001a0   Number         0  port.o(.emb_text)
    .text                                    0x08000258   Section        0  main.o(.text)
    .text                                    0x08000658   Section        0  list.o(.text)
    .text                                    0x080006ec   Section        0  queue.o(.text)
    prvInitialiseNewQueue                    0x0800077f   Thumb Code    42  queue.o(.text)
    prvUnlockQueue                           0x08000801   Thumb Code   126  queue.o(.text)
    prvIsQueueFull                           0x0800087f   Thumb Code    30  queue.o(.text)
    prvCopyDataToQueue                       0x0800089d   Thumb Code   124  queue.o(.text)
    prvInitialiseMutex                       0x08000abd   Thumb Code    28  queue.o(.text)
    prvIsQueueEmpty                          0x08000b47   Thumb Code    26  queue.o(.text)
    prvCopyDataFromQueue                     0x08000b61   Thumb Code    42  queue.o(.text)
    .text                                    0x0800131c   Section        0  tasks.o(.text)
    prvInitialiseTaskLists                   0x0800131d   Thumb Code    70  tasks.o(.text)
    prvAddNewTaskToReadyList                 0x08001363   Thumb Code   156  tasks.o(.text)
    prvInitialiseNewTask                     0x080013ff   Thumb Code   180  tasks.o(.text)
    prvResetNextTaskUnblockTime              0x08001513   Thumb Code    42  tasks.o(.text)
    prvDeleteTCB                             0x0800153d   Thumb Code    18  tasks.o(.text)
    prvAddCurrentTaskToDelayedList           0x0800185f   Thumb Code   124  tasks.o(.text)
    prvTaskIsTaskSuspended                   0x08001d49   Thumb Code    80  tasks.o(.text)
    prvCheckTasksWaitingTermination          0x08001eb7   Thumb Code    86  tasks.o(.text)
    prvIdleTask                              0x08001f0d   Thumb Code    32  tasks.o(.text)
    prvTaskCheckFreeStackSpace               0x08002055   Thumb Code    22  tasks.o(.text)
    prvListTasksWithinSingleList             0x080020dd   Thumb Code   106  tasks.o(.text)
    .text                                    0x08002ae0   Section        0  timers.o(.text)
    prvInsertTimerInActiveList               0x08002ae1   Thumb Code    80  timers.o(.text)
    prvSwitchTimerLists                      0x08002baf   Thumb Code   150  timers.o(.text)
    prvSampleTimeNow                         0x08002c45   Thumb Code    40  timers.o(.text)
    prvProcessReceivedCommands               0x08002c6d   Thumb Code   242  timers.o(.text)
    prvProcessExpiredTimer                   0x08002d5f   Thumb Code    94  timers.o(.text)
    prvProcessTimerOrBlockTask               0x08002dbd   Thumb Code   102  timers.o(.text)
    prvGetNextExpireTime                     0x08002e23   Thumb Code    36  timers.o(.text)
    prvTimerTask                             0x08002e47   Thumb Code    26  timers.o(.text)
    prvCheckForValidListAndQueue             0x08002e61   Thumb Code    72  timers.o(.text)
    prvInitialiseNewTimer                    0x08002f21   Thumb Code    78  timers.o(.text)
    .text                                    0x080030c0   Section        0  port.o(.text)
    prvTaskExitError                         0x080030c1   Thumb Code    60  port.o(.text)
    .text                                    0x080033cc   Section        0  heap_2.o(.text)
    prvHeapInit                              0x080033cd   Thumb Code    38  heap_2.o(.text)
    .text                                    0x080034f0   Section        0  misc.o(.text)
    .text                                    0x080035d0   Section        0  stm32f4xx_gpio.o(.text)
    .text                                    0x08003868   Section        0  stm32f4xx_rcc.o(.text)
    .text                                    0x08003ec4   Section        0  stm32f4xx_syscfg.o(.text)
    .text                                    0x08003f58   Section        0  stm32f4xx_tim.o(.text)
    TI4_Config                               0x080046f7   Thumb Code    80  stm32f4xx_tim.o(.text)
    TI3_Config                               0x08004759   Thumb Code    72  stm32f4xx_tim.o(.text)
    TI2_Config                               0x080047bb   Thumb Code    90  stm32f4xx_tim.o(.text)
    TI1_Config                               0x08004827   Thumb Code    58  stm32f4xx_tim.o(.text)
    .text                                    0x08004bfc   Section        0  stm32f4xx_usart.o(.text)
    .text                                    0x08005050   Section        0  stm32f4xx_exti.o(.text)
    .text                                    0x08005160   Section        0  utils.o(.text)
    .text                                    0x08005344   Section        0  retarget.o(.text)
    .text                                    0x08005388   Section        0  delay.o(.text)
    _delay_init                              0x08005389   Thumb Code    28  delay.o(.text)
    .text                                    0x080053f4   Section        0  lcd.o(.text)
    .text                                    0x08005614   Section       36  startup_stm32f407xx.o(.text)
    $v0                                      0x08005614   Number         0  startup_stm32f407xx.o(.text)
    .text                                    0x08005638   Section        0  system_stm32f4xx.o(.text)
    SetSysClock                              0x080056e3   Thumb Code   224  system_stm32f4xx.o(.text)
    .text                                    0x0800584c   Section        0  memcpya.o(.text)
    .text                                    0x08005870   Section        0  memseta.o(.text)
    .text                                    0x08005894   Section        0  uidiv.o(.text)
    .text                                    0x080058c0   Section       36  init.o(.text)
    i.__0printf$6                            0x080058e4   Section        0  printf6.o(i.__0printf$6)
    i.__0sprintf$6                           0x08005904   Section        0  printf6.o(i.__0sprintf$6)
    i.__scatterload_copy                     0x0800592c   Section       14  handlers.o(i.__scatterload_copy)
    i.__scatterload_null                     0x0800593a   Section        2  handlers.o(i.__scatterload_null)
    i.__scatterload_zeroinit                 0x0800593c   Section       14  handlers.o(i.__scatterload_zeroinit)
    i._printf_core                           0x0800594c   Section        0  printf6.o(i._printf_core)
    _printf_core                             0x0800594d   Thumb Code   748  printf6.o(i._printf_core)
    i._printf_post_padding                   0x08005c3c   Section        0  printf6.o(i._printf_post_padding)
    _printf_post_padding                     0x08005c3d   Thumb Code    36  printf6.o(i._printf_post_padding)
    i._printf_pre_padding                    0x08005c60   Section        0  printf6.o(i._printf_pre_padding)
    _printf_pre_padding                      0x08005c61   Thumb Code    46  printf6.o(i._printf_pre_padding)
    i._sputc                                 0x08005c8e   Section        0  printf6.o(i._sputc)
    _sputc                                   0x08005c8f   Thumb Code    10  printf6.o(i._sputc)
    .constdata                               0x08005c98   Section       16  system_stm32f4xx.o(.constdata)
    .data                                    0x20000000   Section       28  main.o(.data)
    button_queue                             0x2000000c   Data           4  main.o(.data)
    lcd_mutex                                0x20000010   Data           4  main.o(.data)
    last_tick                                0x20000014   Data           4  main.o(.data)
    last_tick                                0x20000018   Data           4  main.o(.data)
    .data                                    0x2000001c   Section       60  tasks.o(.data)
    pxDelayedTaskList                        0x20000020   Data           4  tasks.o(.data)
    pxOverflowDelayedTaskList                0x20000024   Data           4  tasks.o(.data)
    uxDeletedTasksWaitingCleanUp             0x20000028   Data           4  tasks.o(.data)
    uxCurrentNumberOfTasks                   0x2000002c   Data           4  tasks.o(.data)
    xTickCount                               0x20000030   Data           4  tasks.o(.data)
    uxTopReadyPriority                       0x20000034   Data           4  tasks.o(.data)
    xSchedulerRunning                        0x20000038   Data           4  tasks.o(.data)
    uxPendedTicks                            0x2000003c   Data           4  tasks.o(.data)
    xYieldPending                            0x20000040   Data           4  tasks.o(.data)
    xNumOfOverflows                          0x20000044   Data           4  tasks.o(.data)
    uxTaskNumber                             0x20000048   Data           4  tasks.o(.data)
    xNextTaskUnblockTime                     0x2000004c   Data           4  tasks.o(.data)
    xIdleTaskHandle                          0x20000050   Data           4  tasks.o(.data)
    uxSchedulerSuspended                     0x20000054   Data           4  tasks.o(.data)
    .data                                    0x20000058   Section       20  timers.o(.data)
    pxCurrentTimerList                       0x20000058   Data           4  timers.o(.data)
    pxOverflowTimerList                      0x2000005c   Data           4  timers.o(.data)
    xTimerQueue                              0x20000060   Data           4  timers.o(.data)
    xTimerTaskHandle                         0x20000064   Data           4  timers.o(.data)
    xLastTime                                0x20000068   Data           4  timers.o(.data)
    .data                                    0x2000006c   Section       12  port.o(.data)
    uxCriticalNesting                        0x2000006c   Data           4  port.o(.data)
    ucMaxSysCallPriority                     0x20000070   Data           1  port.o(.data)
    ulMaxPRIGROUPValue                       0x20000074   Data           4  port.o(.data)
    .data                                    0x20000078   Section       24  heap_2.o(.data)
    xStart                                   0x20000078   Data           8  heap_2.o(.data)
    xEnd                                     0x20000080   Data           8  heap_2.o(.data)
    xFreeBytesRemaining                      0x20000088   Data           4  heap_2.o(.data)
    xHeapHasBeenInitialised                  0x2000008c   Data           4  heap_2.o(.data)
    .data                                    0x20000090   Section       16  stm32f4xx_rcc.o(.data)
    APBAHBPrescTable                         0x20000090   Data          16  stm32f4xx_rcc.o(.data)
    .data                                    0x200000a0   Section        4  retarget.o(.data)
    .data                                    0x200000a4   Section        4  delay.o(.data)
    _init                                    0x200000a4   Data           4  delay.o(.data)
    .data                                    0x200000a8   Section        4  system_stm32f4xx.o(.data)
    .bss                                     0x200000ac   Section       64  queue.o(.bss)
    .bss                                     0x200000ec   Section      200  tasks.o(.bss)
    pxReadyTasksLists                        0x200000ec   Data         100  tasks.o(.bss)
    xDelayedTaskList1                        0x20000150   Data          20  tasks.o(.bss)
    xDelayedTaskList2                        0x20000164   Data          20  tasks.o(.bss)
    xPendingReadyList                        0x20000178   Data          20  tasks.o(.bss)
    xTasksWaitingTermination                 0x2000018c   Data          20  tasks.o(.bss)
    xSuspendedTaskList                       0x200001a0   Data          20  tasks.o(.bss)
    .bss                                     0x200001b4   Section       40  timers.o(.bss)
    xActiveTimerList1                        0x200001b4   Data          20  timers.o(.bss)
    xActiveTimerList2                        0x200001c8   Data          20  timers.o(.bss)
    .bss                                     0x200001dc   Section    76800  heap_2.o(.bss)
    ucHeap                                   0x200001dc   Data       76800  heap_2.o(.bss)
    STACK                                    0x20012de0   Section     1024  startup_stm32f407xx.o(STACK)

    Global Symbols

    Symbol Name                              Value     Ov Type        Size  Object(Section)

    BuildAttributes$$THM_ISAv4$E$P$D$K$B$S$7EM$VFPi3$EXTD16$VFPS$VFMA$PE$A:L22UL41UL21$X:L11$S22US41US21$IEEE1$IW$USESV6$~STKCKD$USESV7$~SHL$OSPACE$ROPI$EBA8$MICROLIB$REQ8$PRES8$EABIv2 0x00000000   Number         0  anon$$obj.o ABSOLUTE
    __ARM_use_no_argv                        0x00000000   Number         0  main.o ABSOLUTE
    __use_no_errno                           0x00000000   Number         0  useno.o ABSOLUTE
    __use_no_exception_handling              0x00000000   Number         0  useno.o ABSOLUTE
    __use_no_fp                              0x00000000   Number         0  useno.o ABSOLUTE
    __use_no_heap                            0x00000000   Number         0  useno.o ABSOLUTE
    __use_no_heap_region                     0x00000000   Number         0  useno.o ABSOLUTE
    __use_no_semihosting                     0x00000000   Number         0  useno.o ABSOLUTE
    __use_no_semihosting_swi                 0x00000000   Number         0  useno.o ABSOLUTE
    __use_no_signal_handling                 0x00000000   Number         0  useno.o ABSOLUTE
    _printf_a                                0x00000000   Number         0  stubs.o ABSOLUTE
    _printf_c                                0x00000000   Number         0  stubs.o ABSOLUTE
    _printf_charcount                        0x00000000   Number         0  stubs.o ABSOLUTE
    _printf_d                                0x00000000   Number         0  stubs.o ABSOLUTE
    _printf_e                                0x00000000   Number         0  stubs.o ABSOLUTE
    _printf_f                                0x00000000   Number         0  stubs.o ABSOLUTE
    _printf_flags                            0x00000000   Number         0  stubs.o ABSOLUTE
    _printf_fp_dec                           0x00000000   Number         0  stubs.o ABSOLUTE
    _printf_fp_hex                           0x00000000   Number         0  stubs.o ABSOLUTE
    _printf_g                                0x00000000   Number         0  stubs.o ABSOLUTE
    _printf_i                                0x00000000   Number         0  stubs.o ABSOLUTE
    _printf_int_dec                          0x00000000   Number         0  stubs.o ABSOLUTE
    _printf_l                                0x00000000   Number         0  stubs.o ABSOLUTE
    _printf_lc                               0x00000000   Number         0  stubs.o ABSOLUTE
    _printf_ll                               0x00000000   Number         0  stubs.o ABSOLUTE
    _printf_lld                              0x00000000   Number         0  stubs.o ABSOLUTE
    _printf_lli                              0x00000000   Number         0  stubs.o ABSOLUTE
    _printf_llo                              0x00000000   Number         0  stubs.o ABSOLUTE
    _printf_llu                              0x00000000   Number         0  stubs.o ABSOLUTE
    _printf_llx                              0x00000000   Number         0  stubs.o ABSOLUTE
    _printf_longlong_dec                     0x00000000   Number         0  stubs.o ABSOLUTE
    _printf_longlong_hex                     0x00000000   Number         0  stubs.o ABSOLUTE
    _printf_longlong_oct                     0x00000000   Number         0  stubs.o ABSOLUTE
    _printf_ls                               0x00000000   Number         0  stubs.o ABSOLUTE
    _printf_mbtowc                           0x00000000   Number         0  stubs.o ABSOLUTE
    _printf_n                                0x00000000   Number         0  stubs.o ABSOLUTE
    _printf_o                                0x00000000   Number         0  stubs.o ABSOLUTE
    _printf_p                                0x00000000   Number         0  stubs.o ABSOLUTE
    _printf_percent                          0x00000000   Number         0  stubs.o ABSOLUTE
    _printf_pre_padding                      0x00000000   Number         0  stubs.o ABSOLUTE
    _printf_return_value                     0x00000000   Number         0  stubs.o ABSOLUTE
    _printf_s                                0x00000000   Number         0  stubs.o ABSOLUTE
    _printf_sizespec                         0x00000000   Number         0  stubs.o ABSOLUTE
    _printf_str                              0x00000000   Number         0  stubs.o ABSOLUTE
    _printf_truncate_signed                  0x00000000   Number         0  stubs.o ABSOLUTE
    _printf_truncate_unsigned                0x00000000   Number         0  stubs.o ABSOLUTE
    _printf_u                                0x00000000   Number         0  stubs.o ABSOLUTE
    _printf_wc                               0x00000000   Number         0  stubs.o ABSOLUTE
    _printf_wctomb                           0x00000000   Number         0  stubs.o ABSOLUTE
    _printf_widthprec                        0x00000000   Number         0  stubs.o ABSOLUTE
    _printf_x                                0x00000000   Number         0  stubs.o ABSOLUTE
    __arm_fini_                               - Undefined Weak Reference
    __cpp_initialize__aeabi_                  - Undefined Weak Reference
    __cxa_finalize                            - Undefined Weak Reference
    __decompress                              - Undefined Weak Reference
    _clock_init                               - Undefined Weak Reference
    _microlib_exit                            - Undefined Weak Reference
    __Vectors_Size                           0x00000188   Number         0  startup_stm32f407xx.o ABSOLUTE
    __Vectors                                0x08000000   Data           4  startup_stm32f407xx.o(RESET)
    __Vectors_End                            0x08000188   Data           0  startup_stm32f407xx.o(RESET)
    __main                                   0x08000189   Thumb Code     0  entry.o(.ARM.Collect$$$$00000000)
    _main_stk                                0x08000189   Thumb Code     0  entry2.o(.ARM.Collect$$$$00000001)
    _main_scatterload                        0x0800018d   Thumb Code     0  entry5.o(.ARM.Collect$$$$00000004)
    __main_after_scatterload                 0x08000191   Thumb Code     0  entry5.o(.ARM.Collect$$$$00000004)
    _main_clock                              0x08000191   Thumb Code     0  entry7b.o(.ARM.Collect$$$$00000008)
    _main_cpp_init                           0x08000191   Thumb Code     0  entry8b.o(.ARM.Collect$$$$0000000A)
    _main_init                               0x08000191   Thumb Code     0  entry9a.o(.ARM.Collect$$$$0000000B)
    __rt_lib_shutdown_fini                   0x08000199   Thumb Code     0  entry12b.o(.ARM.Collect$$$$0000000E)
    __rt_final_cpp                           0x0800019d   Thumb Code     0  entry10a.o(.ARM.Collect$$$$0000000F)
    __rt_final_exit                          0x0800019d   Thumb Code     0  entry11a.o(.ARM.Collect$$$$00000011)
    SVC_Handler                              0x080001a1   Thumb Code    28  port.o(.emb_text)
    __asm___6_port_c_39a90d8d__prvStartFirstTask 0x080001c1   Thumb Code    28  port.o(.emb_text)
    __asm___6_port_c_39a90d8d__prvEnableVFP  0x080001e1   Thumb Code    16  port.o(.emb_text)
    PendSV_Handler                           0x080001f5   Thumb Code    88  port.o(.emb_text)
    vPortGetIPSR                             0x08000251   Thumb Code     6  port.o(.emb_text)
    vPrintTask                               0x08000259   Thumb Code    12  main.o(.text)
    vTask2                                   0x08000265   Thumb Code   128  main.o(.text)
    vTask1                                   0x080002e5   Thumb Code   248  main.o(.text)
    main                                     0x080003dd   Thumb Code   128  main.o(.text)
    EXTI9_5_IRQHandler                       0x0800045d   Thumb Code    68  main.o(.text)
    EXTI15_10_IRQHandler                     0x080004a1   Thumb Code    68  main.o(.text)
    vListInitialise                          0x08000659   Thumb Code    26  list.o(.text)
    vListInitialiseItem                      0x08000673   Thumb Code     6  list.o(.text)
    vListInsertEnd                           0x08000679   Thumb Code    24  list.o(.text)
    vListInsert                              0x08000691   Thumb Code    52  list.o(.text)
    uxListRemove                             0x080006c5   Thumb Code    40  list.o(.text)
    xQueueGenericReset                       0x080006ed   Thumb Code   146  queue.o(.text)
    xQueueGenericCreate                      0x080007a9   Thumb Code    88  queue.o(.text)
    xQueueGenericSend                        0x08000919   Thumb Code   420  queue.o(.text)
    xQueueCreateMutex                        0x08000ad9   Thumb Code    34  queue.o(.text)
    xQueueGiveMutexRecursive                 0x08000afb   Thumb Code    76  queue.o(.text)
    xQueueGenericReceive                     0x08000b8b   Thumb Code   446  queue.o(.text)
    xQueueTakeMutexRecursive                 0x08000d49   Thumb Code    82  queue.o(.text)
    xQueueCreateCountingSemaphore            0x08000d9b   Thumb Code    92  queue.o(.text)
    xQueueGenericSendFromISR                 0x08000df7   Thumb Code   248  queue.o(.text)
    xQueueGiveFromISR                        0x08000eef   Thumb Code   224  queue.o(.text)
    xQueueReceiveFromISR                     0x08000fcf   Thumb Code   210  queue.o(.text)
    xQueuePeekFromISR                        0x080010a1   Thumb Code   176  queue.o(.text)
    uxQueueMessagesWaiting                   0x08001151   Thumb Code    42  queue.o(.text)
    uxQueueSpacesAvailable                   0x0800117b   Thumb Code    48  queue.o(.text)
    uxQueueMessagesWaitingFromISR            0x080011ab   Thumb Code    30  queue.o(.text)
    vQueueUnregisterQueue                    0x080011c9   Thumb Code    44  queue.o(.text)
    vQueueDelete                             0x080011f5   Thumb Code    44  queue.o(.text)
    uxQueueGetQueueNumber                    0x08001221   Thumb Code     6  queue.o(.text)
    vQueueSetQueueNumber                     0x08001227   Thumb Code     4  queue.o(.text)
    ucQueueGetQueueType                      0x0800122b   Thumb Code     8  queue.o(.text)
    xQueueIsQueueEmptyFromISR                0x08001233   Thumb Code    38  queue.o(.text)
    xQueueIsQueueFullFromISR                 0x08001259   Thumb Code    42  queue.o(.text)
    vQueueAddToRegistry                      0x08001283   Thumb Code    38  queue.o(.text)
    pcQueueGetName                           0x080012a9   Thumb Code    38  queue.o(.text)
    vQueueWaitForMessageRestricted           0x080012cf   Thumb Code    74  queue.o(.text)
    xTaskCreate                              0x080014b3   Thumb Code    96  tasks.o(.text)
    vTaskDelete                              0x0800154f   Thumb Code   202  tasks.o(.text)
    xTaskIncrementTick                       0x08001619   Thumb Code   358  tasks.o(.text)
    xTaskResumeAll                           0x0800177f   Thumb Code   224  tasks.o(.text)
    vTaskSuspendAll                          0x080018db   Thumb Code    12  tasks.o(.text)
    vTaskDelayUntil                          0x080018e7   Thumb Code   200  tasks.o(.text)
    vTaskDelay                               0x080019af   Thumb Code    82  tasks.o(.text)
    eTaskGetState                            0x08001a01   Thumb Code   112  tasks.o(.text)
    uxTaskPriorityGet                        0x08001a71   Thumb Code    30  tasks.o(.text)
    uxTaskPriorityGetFromISR                 0x08001a8f   Thumb Code    62  tasks.o(.text)
    vTaskPrioritySet                         0x08001acd   Thumb Code   322  tasks.o(.text)
    vTaskSwitchContext                       0x08001c0f   Thumb Code   118  tasks.o(.text)
    vTaskSuspend                             0x08001c85   Thumb Code   196  tasks.o(.text)
    vTaskResume                              0x08001d99   Thumb Code   128  tasks.o(.text)
    xTaskResumeFromISR                       0x08001e19   Thumb Code   158  tasks.o(.text)
    vTaskStartScheduler                      0x08001f2d   Thumb Code   192  tasks.o(.text)
    vTaskEndScheduler                        0x08001fed   Thumb Code    32  tasks.o(.text)
    xTaskGetTickCount                        0x0800200d   Thumb Code     6  tasks.o(.text)
    xTaskGetTickCountFromISR                 0x08002013   Thumb Code    16  tasks.o(.text)
    uxTaskGetNumberOfTasks                   0x08002023   Thumb Code     6  tasks.o(.text)
    pcTaskGetName                            0x08002029   Thumb Code    44  tasks.o(.text)
    vTaskGetInfo                             0x0800206b   Thumb Code   114  tasks.o(.text)
    uxTaskGetSystemState                     0x08002147   Thumb Code   152  tasks.o(.text)
    vTaskPlaceOnEventList                    0x080021df   Thumb Code    52  tasks.o(.text)
    vTaskPlaceOnUnorderedEventList           0x08002213   Thumb Code   100  tasks.o(.text)
    vTaskPlaceOnEventListRestricted          0x08002277   Thumb Code    60  tasks.o(.text)
    xTaskRemoveFromEventList                 0x080022b3   Thumb Code   128  tasks.o(.text)
    xTaskRemoveFromUnorderedEventList        0x08002333   Thumb Code   154  tasks.o(.text)
    vTaskSetTimeOutState                     0x080023cd   Thumb Code    90  tasks.o(.text)
    xTaskCheckForTimeOut                     0x08002427   Thumb Code   132  tasks.o(.text)
    vTaskMissedYield                         0x080024ab   Thumb Code     8  tasks.o(.text)
    uxTaskGetTaskNumber                      0x080024b3   Thumb Code    14  tasks.o(.text)
    vTaskSetTaskNumber                       0x080024c1   Thumb Code     8  tasks.o(.text)
    xTaskGetCurrentTaskHandle                0x080024c9   Thumb Code     6  tasks.o(.text)
    xTaskGetSchedulerState                   0x080024cf   Thumb Code    24  tasks.o(.text)
    vTaskPriorityInherit                     0x080024e7   Thumb Code   164  tasks.o(.text)
    xTaskPriorityDisinherit                  0x0800258b   Thumb Code   188  tasks.o(.text)
    uxTaskResetEventItemValue                0x08002647   Thumb Code    24  tasks.o(.text)
    pvTaskIncrementMutexHeldCount            0x0800265f   Thumb Code    26  tasks.o(.text)
    ulTaskNotifyTake                         0x08002679   Thumb Code   108  tasks.o(.text)
    xTaskNotifyWait                          0x080026e5   Thumb Code   150  tasks.o(.text)
    xTaskGenericNotify                       0x0800277b   Thumb Code   280  tasks.o(.text)
    xTaskGenericNotifyFromISR                0x08002893   Thumb Code   298  tasks.o(.text)
    vTaskNotifyGiveFromISR                   0x080029bd   Thumb Code   216  tasks.o(.text)
    xTaskNotifyStateClear                    0x08002a95   Thumb Code    48  tasks.o(.text)
    xTimerGenericCommand                     0x08002b31   Thumb Code   126  timers.o(.text)
    xTimerCreateTimerTask                    0x08002ea9   Thumb Code   120  timers.o(.text)
    xTimerCreate                             0x08002f6f   Thumb Code    48  timers.o(.text)
    xTimerGetTimerDaemonTaskHandle           0x08002f9f   Thumb Code    42  timers.o(.text)
    xTimerGetPeriod                          0x08002fc9   Thumb Code    32  timers.o(.text)
    xTimerGetExpiryTime                      0x08002fe9   Thumb Code    34  timers.o(.text)
    pcTimerGetName                           0x0800300b   Thumb Code    32  timers.o(.text)
    xTimerIsTimerActive                      0x0800302b   Thumb Code    56  timers.o(.text)
    pvTimerGetTimerID                        0x08003063   Thumb Code    44  timers.o(.text)
    vTimerSetTimerID                         0x0800308f   Thumb Code    44  timers.o(.text)
    pxPortInitialiseStack                    0x080030fd   Thumb Code    38  port.o(.text)
    vPortSetupTimerInterrupt                 0x08003123   Thumb Code    26  port.o(.text)
    xPortStartScheduler                      0x0800313d   Thumb Code   288  port.o(.text)
    vPortEndScheduler                        0x0800325d   Thumb Code    42  port.o(.text)
    vPortEnterCritical                       0x08003287   Thumb Code    78  port.o(.text)
    vPortExitCritical                        0x080032d5   Thumb Code    56  port.o(.text)
    SysTick_Handler                          0x0800330d   Thumb Code    48  port.o(.text)
    vPortValidateInterruptPriority           0x0800333d   Thumb Code   108  port.o(.text)
    pvPortMalloc                             0x080033f3   Thumb Code   164  heap_2.o(.text)
    vPortFree                                0x08003497   Thumb Code    56  heap_2.o(.text)
    xPortGetFreeHeapSize                     0x080034cf   Thumb Code     6  heap_2.o(.text)
    vPortInitialiseBlocks                    0x080034d5   Thumb Code     2  heap_2.o(.text)
    NVIC_PriorityGroupConfig                 0x080034f1   Thumb Code    10  misc.o(.text)
    NVIC_Init                                0x080034fb   Thumb Code   106  misc.o(.text)
    NVIC_SetVectorTable                      0x08003565   Thumb Code    14  misc.o(.text)
    NVIC_SystemLPConfig                      0x08003573   Thumb Code    34  misc.o(.text)
    SysTick_CLKSourceConfig                  0x08003595   Thumb Code    40  misc.o(.text)
    GPIO_DeInit                              0x080035d1   Thumb Code   268  stm32f4xx_gpio.o(.text)
    GPIO_Init                                0x080036dd   Thumb Code   144  stm32f4xx_gpio.o(.text)
    GPIO_StructInit                          0x0800376d   Thumb Code    18  stm32f4xx_gpio.o(.text)
    GPIO_PinLockConfig                       0x0800377f   Thumb Code    34  stm32f4xx_gpio.o(.text)
    GPIO_ReadInputDataBit                    0x080037a1   Thumb Code    18  stm32f4xx_gpio.o(.text)
    GPIO_ReadInputData                       0x080037b3   Thumb Code     8  stm32f4xx_gpio.o(.text)
    GPIO_ReadOutputDataBit                   0x080037bb   Thumb Code    18  stm32f4xx_gpio.o(.text)
    GPIO_ReadOutputData                      0x080037cd   Thumb Code     8  stm32f4xx_gpio.o(.text)
    GPIO_SetBits                             0x080037d5   Thumb Code     4  stm32f4xx_gpio.o(.text)
    GPIO_ResetBits                           0x080037d9   Thumb Code     6  stm32f4xx_gpio.o(.text)
    GPIO_WriteBit                            0x080037df   Thumb Code    12  stm32f4xx_gpio.o(.text)
    GPIO_Write                               0x080037eb   Thumb Code     4  stm32f4xx_gpio.o(.text)
    GPIO_ToggleBits                          0x080037ef   Thumb Code     8  stm32f4xx_gpio.o(.text)
    GPIO_PinAFConfig                         0x080037f7   Thumb Code    70  stm32f4xx_gpio.o(.text)
    RCC_DeInit                               0x08003869   Thumb Code    82  stm32f4xx_rcc.o(.text)
    RCC_HSEConfig                            0x080038bb   Thumb Code    14  stm32f4xx_rcc.o(.text)
    RCC_GetFlagStatus                        0x080038c9   Thumb Code    60  stm32f4xx_rcc.o(.text)
    RCC_WaitForHSEStartUp                    0x08003905   Thumb Code    56  stm32f4xx_rcc.o(.text)
    RCC_AdjustHSICalibrationValue            0x0800393d   Thumb Code    20  stm32f4xx_rcc.o(.text)
    RCC_HSICmd                               0x08003951   Thumb Code     6  stm32f4xx_rcc.o(.text)
    RCC_LSEConfig                            0x08003957   Thumb Code    46  stm32f4xx_rcc.o(.text)
    RCC_LSICmd                               0x08003985   Thumb Code     6  stm32f4xx_rcc.o(.text)
    RCC_PLLConfig                            0x0800398b   Thumb Code    32  stm32f4xx_rcc.o(.text)
    RCC_PLLCmd                               0x080039ab   Thumb Code     6  stm32f4xx_rcc.o(.text)
    RCC_PLLI2SConfig                         0x080039b1   Thumb Code    14  stm32f4xx_rcc.o(.text)
    RCC_PLLI2SCmd                            0x080039bf   Thumb Code     6  stm32f4xx_rcc.o(.text)
    RCC_PLLSAIConfig                         0x080039c5   Thumb Code    20  stm32f4xx_rcc.o(.text)
    RCC_PLLSAICmd                            0x080039d9   Thumb Code     6  stm32f4xx_rcc.o(.text)
    RCC_ClockSecuritySystemCmd               0x080039df   Thumb Code     6  stm32f4xx_rcc.o(.text)
    RCC_MCO1Config                           0x080039e5   Thumb Code    28  stm32f4xx_rcc.o(.text)
    RCC_MCO2Config                           0x08003a01   Thumb Code    28  stm32f4xx_rcc.o(.text)
    RCC_SYSCLKConfig                         0x08003a1d   Thumb Code    20  stm32f4xx_rcc.o(.text)
    RCC_GetSYSCLKSource                      0x08003a31   Thumb Code    12  stm32f4xx_rcc.o(.text)
    RCC_HCLKConfig                           0x08003a3d   Thumb Code    20  stm32f4xx_rcc.o(.text)
    RCC_PCLK1Config                          0x08003a51   Thumb Code    20  stm32f4xx_rcc.o(.text)
    RCC_PCLK2Config                          0x08003a65   Thumb Code    22  stm32f4xx_rcc.o(.text)
    RCC_GetClocksFreq                        0x08003a7b   Thumb Code   222  stm32f4xx_rcc.o(.text)
    RCC_RTCCLKConfig                         0x08003b59   Thumb Code    54  stm32f4xx_rcc.o(.text)
    RCC_RTCCLKCmd                            0x08003b8f   Thumb Code     8  stm32f4xx_rcc.o(.text)
    RCC_BackupResetCmd                       0x08003b97   Thumb Code     8  stm32f4xx_rcc.o(.text)
    RCC_I2SCLKConfig                         0x08003b9f   Thumb Code     6  stm32f4xx_rcc.o(.text)
    RCC_SAIBlockACLKConfig                   0x08003ba5   Thumb Code    20  stm32f4xx_rcc.o(.text)
    RCC_SAIBlockBCLKConfig                   0x08003bb9   Thumb Code    20  stm32f4xx_rcc.o(.text)
    RCC_SAIPLLI2SClkDivConfig                0x08003bcd   Thumb Code    26  stm32f4xx_rcc.o(.text)
    RCC_SAIPLLSAIClkDivConfig                0x08003be7   Thumb Code    28  stm32f4xx_rcc.o(.text)
    RCC_LTDCCLKDivConfig                     0x08003c03   Thumb Code    20  stm32f4xx_rcc.o(.text)
    RCC_TIMCLKPresConfig                     0x08003c17   Thumb Code     6  stm32f4xx_rcc.o(.text)
    RCC_AHB1PeriphClockCmd                   0x08003c1d   Thumb Code    34  stm32f4xx_rcc.o(.text)
    RCC_AHB2PeriphClockCmd                   0x08003c3f   Thumb Code    78  stm32f4xx_rcc.o(.text)
    RCC_AHB3PeriphClockCmd                   0x08003c8d   Thumb Code    34  stm32f4xx_rcc.o(.text)
    RCC_APB1PeriphClockCmd                   0x08003caf   Thumb Code    34  stm32f4xx_rcc.o(.text)
    RCC_APB2PeriphClockCmd                   0x08003cd1   Thumb Code    34  stm32f4xx_rcc.o(.text)
    RCC_AHB1PeriphResetCmd                   0x08003cf3   Thumb Code    34  stm32f4xx_rcc.o(.text)
    RCC_AHB2PeriphResetCmd                   0x08003d15   Thumb Code    34  stm32f4xx_rcc.o(.text)
    RCC_AHB3PeriphResetCmd                   0x08003d37   Thumb Code    34  stm32f4xx_rcc.o(.text)
    RCC_APB1PeriphResetCmd                   0x08003d59   Thumb Code    34  stm32f4xx_rcc.o(.text)
    RCC_APB2PeriphResetCmd                   0x08003d7b   Thumb Code    34  stm32f4xx_rcc.o(.text)
    RCC_AHB1PeriphClockLPModeCmd             0x08003d9d   Thumb Code    34  stm32f4xx_rcc.o(.text)
    RCC_AHB2PeriphClockLPModeCmd             0x08003dbf   Thumb Code    34  stm32f4xx_rcc.o(.text)
    RCC_AHB3PeriphClockLPModeCmd             0x08003de1   Thumb Code    34  stm32f4xx_rcc.o(.text)
    RCC_APB1PeriphClockLPModeCmd             0x08003e03   Thumb Code    34  stm32f4xx_rcc.o(.text)
    RCC_APB2PeriphClockLPModeCmd             0x08003e25   Thumb Code    34  stm32f4xx_rcc.o(.text)
    RCC_LSEModeConfig                        0x08003e47   Thumb Code    40  stm32f4xx_rcc.o(.text)
    RCC_ITConfig                             0x08003e6f   Thumb Code    34  stm32f4xx_rcc.o(.text)
    RCC_ClearFlag                            0x08003e91   Thumb Code    18  stm32f4xx_rcc.o(.text)
    RCC_GetITStatus                          0x08003ea3   Thumb Code    22  stm32f4xx_rcc.o(.text)
    RCC_ClearITPendingBit                    0x08003eb9   Thumb Code     8  stm32f4xx_rcc.o(.text)
    SYSCFG_DeInit                            0x08003ec5   Thumb Code    22  stm32f4xx_syscfg.o(.text)
    SYSCFG_MemoryRemapConfig                 0x08003edb   Thumb Code     6  stm32f4xx_syscfg.o(.text)
    SYSCFG_MemorySwappingBank                0x08003ee1   Thumb Code     6  stm32f4xx_syscfg.o(.text)
    SYSCFG_EXTILineConfig                    0x08003ee7   Thumb Code    66  stm32f4xx_syscfg.o(.text)
    SYSCFG_ETH_MediaInterfaceConfig          0x08003f29   Thumb Code     8  stm32f4xx_syscfg.o(.text)
    SYSCFG_CompensationCellCmd               0x08003f31   Thumb Code     6  stm32f4xx_syscfg.o(.text)
    SYSCFG_GetCompensationCellStatus         0x08003f37   Thumb Code    22  stm32f4xx_syscfg.o(.text)
    TIM_DeInit                               0x08003f59   Thumb Code   346  stm32f4xx_tim.o(.text)
    TIM_TimeBaseInit                         0x080040b3   Thumb Code   104  stm32f4xx_tim.o(.text)
    TIM_TimeBaseStructInit                   0x0800411b   Thumb Code    18  stm32f4xx_tim.o(.text)
    TIM_PrescalerConfig                      0x0800412d   Thumb Code     6  stm32f4xx_tim.o(.text)
    TIM_CounterModeConfig                    0x08004133   Thumb Code    18  stm32f4xx_tim.o(.text)
    TIM_SetCounter                           0x08004145   Thumb Code     4  stm32f4xx_tim.o(.text)
    TIM_SetAutoreload                        0x08004149   Thumb Code     4  stm32f4xx_tim.o(.text)
    TIM_GetCounter                           0x0800414d   Thumb Code     6  stm32f4xx_tim.o(.text)
    TIM_GetPrescaler                         0x08004153   Thumb Code     6  stm32f4xx_tim.o(.text)
    TIM_UpdateDisableConfig                  0x08004159   Thumb Code    24  stm32f4xx_tim.o(.text)
    TIM_UpdateRequestConfig                  0x08004171   Thumb Code    24  stm32f4xx_tim.o(.text)
    TIM_ARRPreloadConfig                     0x08004189   Thumb Code    24  stm32f4xx_tim.o(.text)
    TIM_SelectOnePulseMode                   0x080041a1   Thumb Code    18  stm32f4xx_tim.o(.text)
    TIM_SetClockDivision                     0x080041b3   Thumb Code    18  stm32f4xx_tim.o(.text)
    TIM_Cmd                                  0x080041c5   Thumb Code    24  stm32f4xx_tim.o(.text)
    TIM_OC1Init                              0x080041dd   Thumb Code   114  stm32f4xx_tim.o(.text)
    TIM_OC2Init                              0x0800424f   Thumb Code   154  stm32f4xx_tim.o(.text)
    TIM_OC3Init                              0x080042e9   Thumb Code   204  stm32f4xx_tim.o(.text)
    TIM_OC4Init                              0x080043b5   Thumb Code   112  stm32f4xx_tim.o(.text)
    TIM_OCStructInit                         0x08004425   Thumb Code    20  stm32f4xx_tim.o(.text)
    TIM_SelectOCxM                           0x08004439   Thumb Code    86  stm32f4xx_tim.o(.text)
    TIM_SetCompare1                          0x0800448f   Thumb Code     4  stm32f4xx_tim.o(.text)
    TIM_SetCompare2                          0x08004493   Thumb Code     4  stm32f4xx_tim.o(.text)
    TIM_SetCompare3                          0x08004497   Thumb Code     4  stm32f4xx_tim.o(.text)
    TIM_SetCompare4                          0x0800449b   Thumb Code     4  stm32f4xx_tim.o(.text)
    TIM_ForcedOC1Config                      0x0800449f   Thumb Code    18  stm32f4xx_tim.o(.text)
    TIM_ForcedOC2Config                      0x080044b1   Thumb Code    26  stm32f4xx_tim.o(.text)
    TIM_ForcedOC3Config                      0x080044cb   Thumb Code    18  stm32f4xx_tim.o(.text)
    TIM_ForcedOC4Config                      0x080044dd   Thumb Code    26  stm32f4xx_tim.o(.text)
    TIM_OC1PreloadConfig                     0x080044f7   Thumb Code    18  stm32f4xx_tim.o(.text)
    TIM_OC2PreloadConfig                     0x08004509   Thumb Code    26  stm32f4xx_tim.o(.text)
    TIM_OC3PreloadConfig                     0x08004523   Thumb Code    18  stm32f4xx_tim.o(.text)
    TIM_OC4PreloadConfig                     0x08004535   Thumb Code    26  stm32f4xx_tim.o(.text)
    TIM_OC1FastConfig                        0x0800454f   Thumb Code    18  stm32f4xx_tim.o(.text)
    TIM_OC2FastConfig                        0x08004561   Thumb Code    26  stm32f4xx_tim.o(.text)
    TIM_OC3FastConfig                        0x0800457b   Thumb Code    18  stm32f4xx_tim.o(.text)
    TIM_OC4FastConfig                        0x0800458d   Thumb Code    26  stm32f4xx_tim.o(.text)
    TIM_ClearOC1Ref                          0x080045a7   Thumb Code    18  stm32f4xx_tim.o(.text)
    TIM_ClearOC2Ref                          0x080045b9   Thumb Code    24  stm32f4xx_tim.o(.text)
    TIM_ClearOC3Ref                          0x080045d1   Thumb Code    18  stm32f4xx_tim.o(.text)
    TIM_ClearOC4Ref                          0x080045e3   Thumb Code    24  stm32f4xx_tim.o(.text)
    TIM_OC1PolarityConfig                    0x080045fb   Thumb Code    18  stm32f4xx_tim.o(.text)
    TIM_OC1NPolarityConfig                   0x0800460d   Thumb Code    18  stm32f4xx_tim.o(.text)
    TIM_OC2PolarityConfig                    0x0800461f   Thumb Code    26  stm32f4xx_tim.o(.text)
    TIM_OC2NPolarityConfig                   0x08004639   Thumb Code    26  stm32f4xx_tim.o(.text)
    TIM_OC3PolarityConfig                    0x08004653   Thumb Code    26  stm32f4xx_tim.o(.text)
    TIM_OC3NPolarityConfig                   0x0800466d   Thumb Code    26  stm32f4xx_tim.o(.text)
    TIM_OC4PolarityConfig                    0x08004687   Thumb Code    26  stm32f4xx_tim.o(.text)
    TIM_CCxCmd                               0x080046a1   Thumb Code    30  stm32f4xx_tim.o(.text)
    TIM_CCxNCmd                              0x080046bf   Thumb Code    30  stm32f4xx_tim.o(.text)
    TIM_SetIC4Prescaler                      0x080046dd   Thumb Code    26  stm32f4xx_tim.o(.text)
    TIM_SetIC3Prescaler                      0x08004747   Thumb Code    18  stm32f4xx_tim.o(.text)
    TIM_SetIC2Prescaler                      0x080047a1   Thumb Code    26  stm32f4xx_tim.o(.text)
    TIM_SetIC1Prescaler                      0x08004815   Thumb Code    18  stm32f4xx_tim.o(.text)
    TIM_ICInit                               0x08004861   Thumb Code   110  stm32f4xx_tim.o(.text)
    TIM_ICStructInit                         0x080048cf   Thumb Code    18  stm32f4xx_tim.o(.text)
    TIM_PWMIConfig                           0x080048e1   Thumb Code   124  stm32f4xx_tim.o(.text)
    TIM_GetCapture1                          0x0800495d   Thumb Code     6  stm32f4xx_tim.o(.text)
    TIM_GetCapture2                          0x08004963   Thumb Code     6  stm32f4xx_tim.o(.text)
    TIM_GetCapture3                          0x08004969   Thumb Code     6  stm32f4xx_tim.o(.text)
    TIM_GetCapture4                          0x0800496f   Thumb Code     6  stm32f4xx_tim.o(.text)
    TIM_BDTRConfig                           0x08004975   Thumb Code    32  stm32f4xx_tim.o(.text)
    TIM_BDTRStructInit                       0x08004995   Thumb Code    18  stm32f4xx_tim.o(.text)
    TIM_CtrlPWMOutputs                       0x080049a7   Thumb Code    30  stm32f4xx_tim.o(.text)
    TIM_SelectCOM                            0x080049c5   Thumb Code    24  stm32f4xx_tim.o(.text)
    TIM_CCPreloadControl                     0x080049dd   Thumb Code    24  stm32f4xx_tim.o(.text)
    TIM_ITConfig                             0x080049f5   Thumb Code    18  stm32f4xx_tim.o(.text)
    TIM_GenerateEvent                        0x08004a07   Thumb Code     4  stm32f4xx_tim.o(.text)
    TIM_GetFlagStatus                        0x08004a0b   Thumb Code    18  stm32f4xx_tim.o(.text)
    TIM_ClearFlag                            0x08004a1d   Thumb Code     6  stm32f4xx_tim.o(.text)
    TIM_GetITStatus                          0x08004a23   Thumb Code    34  stm32f4xx_tim.o(.text)
    TIM_ClearITPendingBit                    0x08004a45   Thumb Code     6  stm32f4xx_tim.o(.text)
    TIM_DMAConfig                            0x08004a4b   Thumb Code    10  stm32f4xx_tim.o(.text)
    TIM_DMACmd                               0x08004a55   Thumb Code    18  stm32f4xx_tim.o(.text)
    TIM_SelectCCDMA                          0x08004a67   Thumb Code    24  stm32f4xx_tim.o(.text)
    TIM_InternalClockConfig                  0x08004a7f   Thumb Code    12  stm32f4xx_tim.o(.text)
    TIM_SelectInputTrigger                   0x08004a8b   Thumb Code    18  stm32f4xx_tim.o(.text)
    TIM_ITRxExternalClockConfig              0x08004a9d   Thumb Code    24  stm32f4xx_tim.o(.text)
    TIM_TIxExternalClockConfig               0x08004ab5   Thumb Code    62  stm32f4xx_tim.o(.text)
    TIM_ETRConfig                            0x08004af3   Thumb Code    28  stm32f4xx_tim.o(.text)
    TIM_ETRClockMode1Config                  0x08004b0f   Thumb Code    54  stm32f4xx_tim.o(.text)
    TIM_ETRClockMode2Config                  0x08004b45   Thumb Code    32  stm32f4xx_tim.o(.text)
    TIM_SelectOutputTrigger                  0x08004b65   Thumb Code    18  stm32f4xx_tim.o(.text)
    TIM_SelectSlaveMode                      0x08004b77   Thumb Code    18  stm32f4xx_tim.o(.text)
    TIM_SelectMasterSlaveMode                0x08004b89   Thumb Code    18  stm32f4xx_tim.o(.text)
    TIM_EncoderInterfaceConfig               0x08004b9b   Thumb Code    66  stm32f4xx_tim.o(.text)
    TIM_SelectHallSensor                     0x08004bdd   Thumb Code    24  stm32f4xx_tim.o(.text)
    TIM_RemapConfig                          0x08004bf5   Thumb Code     6  stm32f4xx_tim.o(.text)
    USART_DeInit                             0x08004bfd   Thumb Code   206  stm32f4xx_usart.o(.text)
    USART_Init                               0x08004ccb   Thumb Code   204  stm32f4xx_usart.o(.text)
    USART_StructInit                         0x08004d97   Thumb Code    24  stm32f4xx_usart.o(.text)
    USART_ClockInit                          0x08004daf   Thumb Code    32  stm32f4xx_usart.o(.text)
    USART_ClockStructInit                    0x08004dcf   Thumb Code    12  stm32f4xx_usart.o(.text)
    USART_Cmd                                0x08004ddb   Thumb Code    24  stm32f4xx_usart.o(.text)
    USART_SetPrescaler                       0x08004df3   Thumb Code    16  stm32f4xx_usart.o(.text)
    USART_OverSampling8Cmd                   0x08004e03   Thumb Code    22  stm32f4xx_usart.o(.text)
    USART_OneBitMethodCmd                    0x08004e19   Thumb Code    24  stm32f4xx_usart.o(.text)
    USART_SendData                           0x08004e31   Thumb Code     8  stm32f4xx_usart.o(.text)
    USART_ReceiveData                        0x08004e39   Thumb Code    10  stm32f4xx_usart.o(.text)
    USART_SetAddress                         0x08004e43   Thumb Code    18  stm32f4xx_usart.o(.text)
    USART_ReceiverWakeUpCmd                  0x08004e55   Thumb Code    24  stm32f4xx_usart.o(.text)
    USART_WakeUpConfig                       0x08004e6d   Thumb Code    18  stm32f4xx_usart.o(.text)
    USART_LINBreakDetectLengthConfig         0x08004e7f   Thumb Code    18  stm32f4xx_usart.o(.text)
    USART_LINCmd                             0x08004e91   Thumb Code    24  stm32f4xx_usart.o(.text)
    USART_SendBreak                          0x08004ea9   Thumb Code    10  stm32f4xx_usart.o(.text)
    USART_HalfDuplexCmd                      0x08004eb3   Thumb Code    24  stm32f4xx_usart.o(.text)
    USART_SetGuardTime                       0x08004ecb   Thumb Code    16  stm32f4xx_usart.o(.text)
    USART_SmartCardCmd                       0x08004edb   Thumb Code    24  stm32f4xx_usart.o(.text)
    USART_SmartCardNACKCmd                   0x08004ef3   Thumb Code    24  stm32f4xx_usart.o(.text)
    USART_IrDAConfig                         0x08004f0b   Thumb Code    18  stm32f4xx_usart.o(.text)
    USART_IrDACmd                            0x08004f1d   Thumb Code    24  stm32f4xx_usart.o(.text)
    USART_DMACmd                             0x08004f35   Thumb Code    18  stm32f4xx_usart.o(.text)
    USART_ITConfig                           0x08004f47   Thumb Code    74  stm32f4xx_usart.o(.text)
    USART_GetFlagStatus                      0x08004f91   Thumb Code    26  stm32f4xx_usart.o(.text)
    USART_ClearFlag                          0x08004fab   Thumb Code    18  stm32f4xx_usart.o(.text)
    USART_GetITStatus                        0x08004fbd   Thumb Code   118  stm32f4xx_usart.o(.text)
    USART_ClearITPendingBit                  0x08005033   Thumb Code    30  stm32f4xx_usart.o(.text)
    EXTI_DeInit                              0x08005051   Thumb Code    28  stm32f4xx_exti.o(.text)
    EXTI_Init                                0x0800506d   Thumb Code   142  stm32f4xx_exti.o(.text)
    EXTI_StructInit                          0x080050fb   Thumb Code    16  stm32f4xx_exti.o(.text)
    EXTI_GenerateSWInterrupt                 0x0800510b   Thumb Code    16  stm32f4xx_exti.o(.text)
    EXTI_GetFlagStatus                       0x0800511b   Thumb Code    22  stm32f4xx_exti.o(.text)
    EXTI_ClearFlag                           0x08005131   Thumb Code     8  stm32f4xx_exti.o(.text)
    EXTI_GetITStatus                         0x08005139   Thumb Code    22  stm32f4xx_exti.o(.text)
    EXTI_ClearITPendingBit                   0x0800514f   Thumb Code     8  stm32f4xx_exti.o(.text)
    vUSART2_Init                             0x08005161   Thumb Code   132  utils.o(.text)
    vUSART2_RX_IRQ_Init                      0x080051e5   Thumb Code    78  utils.o(.text)
    vTIM2_Init                               0x08005233   Thumb Code    54  utils.o(.text)
    vButton_Init                             0x08005269   Thumb Code   200  utils.o(.text)
    sendchar                                 0x08005345   Thumb Code    26  retarget.o(.text)
    fputc                                    0x0800535f   Thumb Code    14  retarget.o(.text)
    ferror                                   0x0800536d   Thumb Code     8  retarget.o(.text)
    _ttywrch                                 0x08005375   Thumb Code    12  retarget.o(.text)
    _sys_exit                                0x08005381   Thumb Code     4  retarget.o(.text)
    delay_us                                 0x080053a5   Thumb Code    42  delay.o(.text)
    delay_ms                                 0x080053cf   Thumb Code    26  delay.o(.text)
    lcd_init                                 0x080053f5   Thumb Code   392  lcd.o(.text)
    lcd_print                                0x0800557d   Thumb Code    66  lcd.o(.text)
    lcd_move                                 0x080055bf   Thumb Code    66  lcd.o(.text)
    Reset_Handler                            0x08005615   Thumb Code     8  startup_stm32f407xx.o(.text)
    NMI_Handler                              0x0800561d   Thumb Code     2  startup_stm32f407xx.o(.text)
    HardFault_Handler                        0x0800561f   Thumb Code     2  startup_stm32f407xx.o(.text)
    MemManage_Handler                        0x08005621   Thumb Code     2  startup_stm32f407xx.o(.text)
    BusFault_Handler                         0x08005623   Thumb Code     2  startup_stm32f407xx.o(.text)
    UsageFault_Handler                       0x08005625   Thumb Code     2  startup_stm32f407xx.o(.text)
    DebugMon_Handler                         0x08005629   Thumb Code     2  startup_stm32f407xx.o(.text)
    ADC_IRQHandler                           0x0800562f   Thumb Code     0  startup_stm32f407xx.o(.text)
    CAN1_RX0_IRQHandler                      0x0800562f   Thumb Code     0  startup_stm32f407xx.o(.text)
    CAN1_RX1_IRQHandler                      0x0800562f   Thumb Code     0  startup_stm32f407xx.o(.text)
    CAN1_SCE_IRQHandler                      0x0800562f   Thumb Code     0  startup_stm32f407xx.o(.text)
    CAN1_TX_IRQHandler                       0x0800562f   Thumb Code     0  startup_stm32f407xx.o(.text)
    CAN2_RX0_IRQHandler                      0x0800562f   Thumb Code     0  startup_stm32f407xx.o(.text)
    CAN2_RX1_IRQHandler                      0x0800562f   Thumb Code     0  startup_stm32f407xx.o(.text)
    CAN2_SCE_IRQHandler                      0x0800562f   Thumb Code     0  startup_stm32f407xx.o(.text)
    CAN2_TX_IRQHandler                       0x0800562f   Thumb Code     0  startup_stm32f407xx.o(.text)
    DCMI_IRQHandler                          0x0800562f   Thumb Code     0  startup_stm32f407xx.o(.text)
    DMA1_Stream0_IRQHandler                  0x0800562f   Thumb Code     0  startup_stm32f407xx.o(.text)
    DMA1_Stream1_IRQHandler                  0x0800562f   Thumb Code     0  startup_stm32f407xx.o(.text)
    DMA1_Stream2_IRQHandler                  0x0800562f   Thumb Code     0  startup_stm32f407xx.o(.text)
    DMA1_Stream3_IRQHandler                  0x0800562f   Thumb Code     0  startup_stm32f407xx.o(.text)
    DMA1_Stream4_IRQHandler                  0x0800562f   Thumb Code     0  startup_stm32f407xx.o(.text)
    DMA1_Stream5_IRQHandler                  0x0800562f   Thumb Code     0  startup_stm32f407xx.o(.text)
    DMA1_Stream6_IRQHandler                  0x0800562f   Thumb Code     0  startup_stm32f407xx.o(.text)
    DMA1_Stream7_IRQHandler                  0x0800562f   Thumb Code     0  startup_stm32f407xx.o(.text)
    DMA2_Stream0_IRQHandler                  0x0800562f   Thumb Code     0  startup_stm32f407xx.o(.text)
    DMA2_Stream1_IRQHandler                  0x0800562f   Thumb Code     0  startup_stm32f407xx.o(.text)
    DMA2_Stream2_IRQHandler                  0x0800562f   Thumb Code     0  startup_stm32f407xx.o(.text)
    DMA2_Stream3_IRQHandler                  0x0800562f   Thumb Code     0  startup_stm32f407xx.o(.text)
    DMA2_Stream4_IRQHandler                  0x0800562f   Thumb Code     0  startup_stm32f407xx.o(.text)
    DMA2_Stream5_IRQHandler                  0x0800562f   Thumb Code     0  startup_stm32f407xx.o(.text)
    DMA2_Stream6_IRQHandler                  0x0800562f   Thumb Code     0  startup_stm32f407xx.o(.text)
    DMA2_Stream7_IRQHandler                  0x0800562f   Thumb Code     0  startup_stm32f407xx.o(.text)
    ETH_IRQHandler                           0x0800562f   Thumb Code     0  startup_stm32f407xx.o(.text)
    ETH_WKUP_IRQHandler                      0x0800562f   Thumb Code     0  startup_stm32f407xx.o(.text)
    EXTI0_IRQHandler                         0x0800562f   Thumb Code     0  startup_stm32f407xx.o(.text)
    EXTI1_IRQHandler                         0x0800562f   Thumb Code     0  startup_stm32f407xx.o(.text)
    EXTI2_IRQHandler                         0x0800562f   Thumb Code     0  startup_stm32f407xx.o(.text)
    EXTI3_IRQHandler                         0x0800562f   Thumb Code     0  startup_stm32f407xx.o(.text)
    EXTI4_IRQHandler                         0x0800562f   Thumb Code     0  startup_stm32f407xx.o(.text)
    FLASH_IRQHandler                         0x0800562f   Thumb Code     0  startup_stm32f407xx.o(.text)
    FMC_IRQHandler                           0x0800562f   Thumb Code     0  startup_stm32f407xx.o(.text)
    FPU_IRQHandler                           0x0800562f   Thumb Code     0  startup_stm32f407xx.o(.text)
    HASH_RNG_IRQHandler                      0x0800562f   Thumb Code     0  startup_stm32f407xx.o(.text)
    I2C1_ER_IRQHandler                       0x0800562f   Thumb Code     0  startup_stm32f407xx.o(.text)
    I2C1_EV_IRQHandler                       0x0800562f   Thumb Code     0  startup_stm32f407xx.o(.text)
    I2C2_ER_IRQHandler                       0x0800562f   Thumb Code     0  startup_stm32f407xx.o(.text)
    I2C2_EV_IRQHandler                       0x0800562f   Thumb Code     0  startup_stm32f407xx.o(.text)
    I2C3_ER_IRQHandler                       0x0800562f   Thumb Code     0  startup_stm32f407xx.o(.text)
    I2C3_EV_IRQHandler                       0x0800562f   Thumb Code     0  startup_stm32f407xx.o(.text)
    OTG_FS_IRQHandler                        0x0800562f   Thumb Code     0  startup_stm32f407xx.o(.text)
    OTG_FS_WKUP_IRQHandler                   0x0800562f   Thumb Code     0  startup_stm32f407xx.o(.text)
    OTG_HS_EP1_IN_IRQHandler                 0x0800562f   Thumb Code     0  startup_stm32f407xx.o(.text)
    OTG_HS_EP1_OUT_IRQHandler                0x0800562f   Thumb Code     0  startup_stm32f407xx.o(.text)
    OTG_HS_IRQHandler                        0x0800562f   Thumb Code     0  startup_stm32f407xx.o(.text)
    OTG_HS_WKUP_IRQHandler                   0x0800562f   Thumb Code     0  startup_stm32f407xx.o(.text)
    PVD_IRQHandler                           0x0800562f   Thumb Code     0  startup_stm32f407xx.o(.text)
    RCC_IRQHandler                           0x0800562f   Thumb Code     0  startup_stm32f407xx.o(.text)
    RTC_Alarm_IRQHandler                     0x0800562f   Thumb Code     0  startup_stm32f407xx.o(.text)
    RTC_WKUP_IRQHandler                      0x0800562f   Thumb Code     0  startup_stm32f407xx.o(.text)
    SDIO_IRQHandler                          0x0800562f   Thumb Code     0  startup_stm32f407xx.o(.text)
    SPI1_IRQHandler                          0x0800562f   Thumb Code     0  startup_stm32f407xx.o(.text)
    SPI2_IRQHandler                          0x0800562f   Thumb Code     0  startup_stm32f407xx.o(.text)
    SPI3_IRQHandler                          0x0800562f   Thumb Code     0  startup_stm32f407xx.o(.text)
    TAMP_STAMP_IRQHandler                    0x0800562f   Thumb Code     0  startup_stm32f407xx.o(.text)
    TIM1_BRK_TIM9_IRQHandler                 0x0800562f   Thumb Code     0  startup_stm32f407xx.o(.text)
    TIM1_CC_IRQHandler                       0x0800562f   Thumb Code     0  startup_stm32f407xx.o(.text)
    TIM1_TRG_COM_TIM11_IRQHandler            0x0800562f   Thumb Code     0  startup_stm32f407xx.o(.text)
    TIM1_UP_TIM10_IRQHandler                 0x0800562f   Thumb Code     0  startup_stm32f407xx.o(.text)
    TIM2_IRQHandler                          0x0800562f   Thumb Code     0  startup_stm32f407xx.o(.text)
    TIM3_IRQHandler                          0x0800562f   Thumb Code     0  startup_stm32f407xx.o(.text)
    TIM4_IRQHandler                          0x0800562f   Thumb Code     0  startup_stm32f407xx.o(.text)
    TIM5_IRQHandler                          0x0800562f   Thumb Code     0  startup_stm32f407xx.o(.text)
    TIM6_DAC_IRQHandler                      0x0800562f   Thumb Code     0  startup_stm32f407xx.o(.text)
    TIM7_IRQHandler                          0x0800562f   Thumb Code     0  startup_stm32f407xx.o(.text)
    TIM8_BRK_TIM12_IRQHandler                0x0800562f   Thumb Code     0  startup_stm32f407xx.o(.text)
    TIM8_CC_IRQHandler                       0x0800562f   Thumb Code     0  startup_stm32f407xx.o(.text)
    TIM8_TRG_COM_TIM14_IRQHandler            0x0800562f   Thumb Code     0  startup_stm32f407xx.o(.text)
    TIM8_UP_TIM13_IRQHandler                 0x0800562f   Thumb Code     0  startup_stm32f407xx.o(.text)
    UART4_IRQHandler                         0x0800562f   Thumb Code     0  startup_stm32f407xx.o(.text)
    UART5_IRQHandler                         0x0800562f   Thumb Code     0  startup_stm32f407xx.o(.text)
    USART1_IRQHandler                        0x0800562f   Thumb Code     0  startup_stm32f407xx.o(.text)
    USART2_IRQHandler                        0x0800562f   Thumb Code     0  startup_stm32f407xx.o(.text)
    USART3_IRQHandler                        0x0800562f   Thumb Code     0  startup_stm32f407xx.o(.text)
    USART6_IRQHandler                        0x0800562f   Thumb Code     0  startup_stm32f407xx.o(.text)
    WWDG_IRQHandler                          0x0800562f   Thumb Code     0  startup_stm32f407xx.o(.text)
    SystemCoreClockUpdate                    0x08005639   Thumb Code   170  system_stm32f4xx.o(.text)
    SystemInit                               0x080057c3   Thumb Code    94  system_stm32f4xx.o(.text)
    __aeabi_memcpy                           0x0800584d   Thumb Code    36  memcpya.o(.text)
    __aeabi_memcpy4                          0x0800584d   Thumb Code     0  memcpya.o(.text)
    __aeabi_memcpy8                          0x0800584d   Thumb Code     0  memcpya.o(.text)
    __aeabi_memset                           0x08005871   Thumb Code    14  memseta.o(.text)
    __aeabi_memset4                          0x08005871   Thumb Code     0  memseta.o(.text)
    __aeabi_memset8                          0x08005871   Thumb Code     0  memseta.o(.text)
    __aeabi_memclr                           0x0800587f   Thumb Code     4  memseta.o(.text)
    __aeabi_memclr4                          0x0800587f   Thumb Code     0  memseta.o(.text)
    __aeabi_memclr8                          0x0800587f   Thumb Code     0  memseta.o(.text)
    _memset$wrapper                          0x08005883   Thumb Code    18  memseta.o(.text)
    __aeabi_uidiv                            0x08005895   Thumb Code     0  uidiv.o(.text)
    __aeabi_uidivmod                         0x08005895   Thumb Code    44  uidiv.o(.text)
    __scatterload                            0x080058c1   Thumb Code    28  init.o(.text)
    __scatterload_rt2                        0x080058c1   Thumb Code     0  init.o(.text)
    __0printf$6                              0x080058e5   Thumb Code    22  printf6.o(i.__0printf$6)
    __1printf$6                              0x080058e5   Thumb Code     0  printf6.o(i.__0printf$6)
    __2printf                                0x080058e5   Thumb Code     0  printf6.o(i.__0printf$6)
    __0sprintf$6                             0x08005905   Thumb Code    34  printf6.o(i.__0sprintf$6)
    __1sprintf$6                             0x08005905   Thumb Code     0  printf6.o(i.__0sprintf$6)
    __2sprintf                               0x08005905   Thumb Code     0  printf6.o(i.__0sprintf$6)
    __scatterload_copy                       0x0800592d   Thumb Code    14  handlers.o(i.__scatterload_copy)
    __scatterload_null                       0x0800593b   Thumb Code     2  handlers.o(i.__scatterload_null)
    __scatterload_zeroinit                   0x0800593d   Thumb Code    14  handlers.o(i.__scatterload_zeroinit)
    AHBPrescTable                            0x08005c98   Data          16  system_stm32f4xx.o(.constdata)
    Region$$Table$$Base                      0x08005ca8   Number         0  anon$$obj.o(Region$$Table)
    Region$$Table$$Limit                     0x08005cc8   Number         0  anon$$obj.o(Region$$Table)
    hTask1                                   0x20000000   Data           4  main.o(.data)
    hTask2                                   0x20000004   Data           4  main.o(.data)
    hPrintTask                               0x20000008   Data           4  main.o(.data)
    pxCurrentTCB                             0x2000001c   Data           4  tasks.o(.data)
    __stdout                                 0x200000a0   Data           4  retarget.o(.data)
    SystemCoreClock                          0x200000a8   Data           4  system_stm32f4xx.o(.data)
    xQueueRegistry                           0x200000ac   Data          64  queue.o(.bss)
    __initial_sp                             0x200131e0   Data           0  startup_stm32f407xx.o(STACK)



==============================================================================

Memory Map of the image

  Image Entry point : 0x08005615

  Load Region LR_1 (Base: 0x08000000, Size: 0x00005d74, Max: 0xffffffff, ABSOLUTE)

    Execution Region ER_RO (Exec base: 0x08000000, Load base: 0x08000000, Size: 0x00005cc8, Max: 0xffffffff, ABSOLUTE)

    Exec Addr    Load Addr    Size         Type   Attr      Idx    E Section Name        Object

    0x08000000   0x08000000   0x00000188   Data   RO         1111    RESET               startup_stm32f407xx.o
    0x08000188   0x08000188   0x00000000   Code   RO         1147  * .ARM.Collect$$$$00000000  mc_w.l(entry.o)
    0x08000188   0x08000188   0x00000004   Code   RO         1417    .ARM.Collect$$$$00000001  mc_w.l(entry2.o)
    0x0800018c   0x0800018c   0x00000004   Code   RO         1420    .ARM.Collect$$$$00000004  mc_w.l(entry5.o)
    0x08000190   0x08000190   0x00000000   Code   RO         1422    .ARM.Collect$$$$00000008  mc_w.l(entry7b.o)
    0x08000190   0x08000190   0x00000000   Code   RO         1424    .ARM.Collect$$$$0000000A  mc_w.l(entry8b.o)
    0x08000190   0x08000190   0x00000008   Code   RO         1425    .ARM.Collect$$$$0000000B  mc_w.l(entry9a.o)
    0x08000198   0x08000198   0x00000004   Code   RO         1432    .ARM.Collect$$$$0000000E  mc_w.l(entry12b.o)
    0x0800019c   0x0800019c   0x00000000   Code   RO         1427    .ARM.Collect$$$$0000000F  mc_w.l(entry10a.o)
    0x0800019c   0x0800019c   0x00000000   Code   RO         1429    .ARM.Collect$$$$00000011  mc_w.l(entry11a.o)
    0x0800019c   0x0800019c   0x00000004   Code   RO         1418    .ARM.Collect$$$$00002712  mc_w.l(entry2.o)
    0x080001a0   0x080001a0   0x000000b6   Code   RO          490    .emb_text           port.o
    0x08000256   0x08000256   0x00000002   PAD
    0x08000258   0x08000258   0x00000400   Code   RO            4    .text               main.o
    0x08000658   0x08000658   0x00000094   Code   RO          339    .text               list.o
    0x080006ec   0x080006ec   0x00000c30   Code   RO          372    .text               queue.o
    0x0800131c   0x0800131c   0x000017c4   Code   RO          417    .text               tasks.o
    0x08002ae0   0x08002ae0   0x000005e0   Code   RO          451    .text               timers.o
    0x080030c0   0x080030c0   0x0000030c   Code   RO          491    .text               port.o
    0x080033cc   0x080033cc   0x00000124   Code   RO          532    .text               heap_2.o
    0x080034f0   0x080034f0   0x000000e0   Code   RO          559    .text               misc.o
    0x080035d0   0x080035d0   0x00000298   Code   RO          655    .text               stm32f4xx_gpio.o
    0x08003868   0x08003868   0x0000065c   Code   RO          727    .text               stm32f4xx_rcc.o
    0x08003ec4   0x08003ec4   0x00000094   Code   RO          801    .text               stm32f4xx_syscfg.o
    0x08003f58   0x08003f58   0x00000ca2   Code   RO          825    .text               stm32f4xx_tim.o
    0x08004bfa   0x08004bfa   0x00000002   PAD
    0x08004bfc   0x08004bfc   0x00000454   Code   RO          849    .text               stm32f4xx_usart.o
    0x08005050   0x08005050   0x00000110   Code   RO          921    .text               stm32f4xx_exti.o
    0x08005160   0x08005160   0x000001e4   Code   RO          975    .text               utils.o
    0x08005344   0x08005344   0x00000044   Code   RO         1037    .text               retarget.o
    0x08005388   0x08005388   0x0000006c   Code   RO         1068    .text               delay.o
    0x080053f4   0x080053f4   0x00000220   Code   RO         1094    .text               lcd.o
    0x08005614   0x08005614   0x00000024   Code   RO         1112  * .text               startup_stm32f407xx.o
    0x08005638   0x08005638   0x00000214   Code   RO         1119    .text               system_stm32f4xx.o
    0x0800584c   0x0800584c   0x00000024   Code   RO         1150    .text               mc_w.l(memcpya.o)
    0x08005870   0x08005870   0x00000024   Code   RO         1152    .text               mc_w.l(memseta.o)
    0x08005894   0x08005894   0x0000002c   Code   RO         1433    .text               mc_w.l(uidiv.o)
    0x080058c0   0x080058c0   0x00000024   Code   RO         1448    .text               mc_w.l(init.o)
    0x080058e4   0x080058e4   0x00000020   Code   RO         1311    i.__0printf$6       mc_w.l(printf6.o)
    0x08005904   0x08005904   0x00000028   Code   RO         1313    i.__0sprintf$6      mc_w.l(printf6.o)
    0x0800592c   0x0800592c   0x0000000e   Code   RO         1460    i.__scatterload_copy  mc_w.l(handlers.o)
    0x0800593a   0x0800593a   0x00000002   Code   RO         1461    i.__scatterload_null  mc_w.l(handlers.o)
    0x0800593c   0x0800593c   0x0000000e   Code   RO         1462    i.__scatterload_zeroinit  mc_w.l(handlers.o)
    0x0800594a   0x0800594a   0x00000002   PAD
    0x0800594c   0x0800594c   0x000002f0   Code   RO         1318    i._printf_core      mc_w.l(printf6.o)
    0x08005c3c   0x08005c3c   0x00000024   Code   RO         1319    i._printf_post_padding  mc_w.l(printf6.o)
    0x08005c60   0x08005c60   0x0000002e   Code   RO         1320    i._printf_pre_padding  mc_w.l(printf6.o)
    0x08005c8e   0x08005c8e   0x0000000a   Code   RO         1322    i._sputc            mc_w.l(printf6.o)
    0x08005c98   0x08005c98   0x00000010   Data   RO         1120    .constdata          system_stm32f4xx.o
    0x08005ca8   0x08005ca8   0x00000020   Data   RO         1458    Region$$Table       anon$$obj.o


    Execution Region ER_RW (Exec base: 0x20000000, Load base: 0x08005cc8, Size: 0x000000ac, Max: 0xffffffff, ABSOLUTE)

    Exec Addr    Load Addr    Size         Type   Attr      Idx    E Section Name        Object

    0x20000000   0x08005cc8   0x0000001c   Data   RW            5    .data               main.o
    0x2000001c   0x08005ce4   0x0000003c   Data   RW          419    .data               tasks.o
    0x20000058   0x08005d20   0x00000014   Data   RW          453    .data               timers.o
    0x2000006c   0x08005d34   0x0000000c   Data   RW          492    .data               port.o
    0x20000078   0x08005d40   0x00000018   Data   RW          534    .data               heap_2.o
    0x20000090   0x08005d58   0x00000010   Data   RW          728    .data               stm32f4xx_rcc.o
    0x200000a0   0x08005d68   0x00000004   Data   RW         1038    .data               retarget.o
    0x200000a4   0x08005d6c   0x00000004   Data   RW         1069    .data               delay.o
    0x200000a8   0x08005d70   0x00000004   Data   RW         1121    .data               system_stm32f4xx.o


    Execution Region ER_ZI (Exec base: 0x200000ac, Load base: 0x08005d74, Size: 0x00013134, Max: 0xffffffff, ABSOLUTE)

    Exec Addr    Load Addr    Size         Type   Attr      Idx    E Section Name        Object

    0x200000ac        -       0x00000040   Zero   RW          373    .bss                queue.o
    0x200000ec        -       0x000000c8   Zero   RW          418    .bss                tasks.o
    0x200001b4        -       0x00000028   Zero   RW          452    .bss                timers.o
    0x200001dc        -       0x00012c00   Zero   RW          533    .bss                heap_2.o
    0x20012ddc   0x08005d74   0x00000004   PAD
    0x20012de0        -       0x00000400   Zero   RW         1109    STACK               startup_stm32f407xx.o


==============================================================================

Image component sizes


      Code (inc. data)   RO Data    RW Data    ZI Data      Debug   Object Name

         0          0          0          0          0     297588   croutine.o
       108         12          0          4          0       1140   delay.o
       292         26          0         24      76800       3536   heap_2.o
       544         20          0          0          0       1186   lcd.o
       148          0          0          0          0       3642   list.o
      1024        372          0         28          0      19463   main.o
       224         20          0          0          0       2133   misc.o
       962         52          0         12          0       9267   port.o
      3120         14          0          0         64      27364   queue.o
        68          4          0          4          0       3489   retarget.o
        36          8        392          0       1024        936   startup_stm32f407xx.o
       272         10          0          0          0       2599   stm32f4xx_exti.o
       664         44          0          0          0       4477   stm32f4xx_gpio.o
      1628         52          0         16          0      13520   stm32f4xx_rcc.o
       148         12          0          0          0       1985   stm32f4xx_syscfg.o
      3234         60          0          0          0      23328   stm32f4xx_tim.o
      1108         34          0          0          0       8196   stm32f4xx_usart.o
       532         44         16          4          0       2139   system_stm32f4xx.o
      6084        338          0         60        200      28666   tasks.o
      1504         68          0         20         40      17347   timers.o
       484         20          0          0          0      27834   utils.o

    ----------------------------------------------------------------------
     22188       1210        440        172      78132     499835   Object Totals
         0          0         32          0          0          0   (incl. Generated)
         4          0          0          0          4          0   (incl. Padding)

    ----------------------------------------------------------------------

      Code (inc. data)   RO Data    RW Data    ZI Data      Debug   Library Member Name

         0          0          0          0          0          0   entry.o
         0          0          0          0          0          0   entry10a.o
         0          0          0          0          0          0   entry11a.o
         4          0          0          0          0          0   entry12b.o
         8          4          0          0          0          0   entry2.o
         4          0          0          0          0          0   entry5.o
         0          0          0          0          0          0   entry7b.o
         0          0          0          0          0          0   entry8b.o
         8          4          0          0          0          0   entry9a.o
        30          0          0          0          0          0   handlers.o
        36          8          0          0          0         68   init.o
        36          0          0          0          0         68   memcpya.o
        36          0          0          0          0        108   memseta.o
       916         20          0          0          0        504   printf6.o
        44          0          0          0          0         80   uidiv.o

    ----------------------------------------------------------------------
      1124         36          0          0          0        828   Library Totals
         2          0          0          0          0          0   (incl. Padding)

    ----------------------------------------------------------------------

      Code (inc. data)   RO Data    RW Data    ZI Data      Debug   Library Name

      1122         36          0          0          0        828   mc_w.l

    ----------------------------------------------------------------------
      1124         36          0          0          0        828   Library Totals

    ----------------------------------------------------------------------

==============================================================================


      Code (inc. data)   RO Data    RW Data    ZI Data      Debug   

     23312       1246        440        172      78132     495603   Grand Totals
     23312       1246        440        172      78132     495603   ELF Image Totals
     23312       1246        440        172          0          0   ROM Totals

==============================================================================

    Total RO  Size (Code + RO Data)                23752 (  23.20kB)
    Total RW  Size (RW Data + ZI Data)             78304 (  76.47kB)
    Total ROM Size (Code + RO Data + RW Data)      23924 (  23.36kB)

==============================================================================

